Archive member included because of file (symbol)

.\CortexM3\ARM_GCC_493\Debug\ZumoBot.a(cyfitter_cfg.o)
                              .\CortexM3\ARM_GCC_493\Debug\Cm3Start.o (cyfitter_cfg)
.\CortexM3\ARM_GCC_493\Debug\ZumoBot.a(PWM.o)
                              .\CortexM3\ARM_GCC_493\Debug\Motor.o (PWM_Stop)
.\CortexM3\ARM_GCC_493\Debug\ZumoBot.a(I2C.o)
                              .\CortexM3\ARM_GCC_493\Debug\Nunchuk.o (I2C_Start)
.\CortexM3\ARM_GCC_493\Debug\ZumoBot.a(I2C_INT.o)
                              .\CortexM3\ARM_GCC_493\Debug\ZumoBot.a(I2C.o) (I2C_ISR)
.\CortexM3\ARM_GCC_493\Debug\ZumoBot.a(I2C_PM.o)
                              .\CortexM3\ARM_GCC_493\Debug\ZumoBot.a(I2C.o) (I2C_backup)
.\CortexM3\ARM_GCC_493\Debug\ZumoBot.a(I2C_MASTER.o)
                              .\CortexM3\ARM_GCC_493\Debug\I2C_made.o (I2C_MasterWriteBuf)
.\CortexM3\ARM_GCC_493\Debug\ZumoBot.a(CyLib.o)
                              .\CortexM3\ARM_GCC_493\Debug\Cm3Start.o (CyHalt)
.\CortexM3\ARM_GCC_493\Debug\ZumoBot.a(cyPm.o)
                              .\CortexM3\ARM_GCC_493\Debug\ZumoBot.a(CyLib.o) (CyPmReadStatus)
.\CortexM3\ARM_GCC_493\Debug\ZumoBot.a(MotorDirLeft.o)
                              .\CortexM3\ARM_GCC_493\Debug\main.o (MotorDirLeft_Write)
.\CortexM3\ARM_GCC_493\Debug\ZumoBot.a(MotorDirRight.o)
                              .\CortexM3\ARM_GCC_493\Debug\main.o (MotorDirRight_Write)
.\CortexM3\ARM_GCC_493\Debug\ZumoBot.a(sensor_isr.o)
                              .\CortexM3\ARM_GCC_493\Debug\Reflectance.o (sensor_isr_StartEx)
.\CortexM3\ARM_GCC_493\Debug\ZumoBot.a(UART_1.o)
                              .\CortexM3\ARM_GCC_493\Debug\main.o (UART_1_Start)
.\CortexM3\ARM_GCC_493\Debug\ZumoBot.a(IR_receiver.o)
                              .\CortexM3\ARM_GCC_493\Debug\IR.o (IR_receiver_Read)
.\CortexM3\ARM_GCC_493\Debug\ZumoBot.a(Trig.o)
                              .\CortexM3\ARM_GCC_493\Debug\Ultra.o (Trig_Write)
.\CortexM3\ARM_GCC_493\Debug\ZumoBot.a(Timer.o)
                              .\CortexM3\ARM_GCC_493\Debug\Ultra.o (Timer_Stop)
.\CortexM3\ARM_GCC_493\Debug\ZumoBot.a(Echo.o)
                              .\CortexM3\ARM_GCC_493\Debug\Ultra.o (Echo_Read)
.\CortexM3\ARM_GCC_493\Debug\ZumoBot.a(ultra_isr.o)
                              .\CortexM3\ARM_GCC_493\Debug\Ultra.o (ultra_isr_StartEx)
.\CortexM3\ARM_GCC_493\Debug\ZumoBot.a(UART_1_IntClock.o)
                              .\CortexM3\ARM_GCC_493\Debug\ZumoBot.a(UART_1.o) (UART_1_IntClock_Start)
.\CortexM3\ARM_GCC_493\Debug\ZumoBot.a(Buzzer_PWM.o)
                              .\CortexM3\ARM_GCC_493\Debug\Beep.o (Buzzer_PWM_Stop)
.\CortexM3\ARM_GCC_493\Debug\ZumoBot.a(L3.o)
                              .\CortexM3\ARM_GCC_493\Debug\Reflectance.o (L3_Write)
.\CortexM3\ARM_GCC_493\Debug\ZumoBot.a(Timer_L3.o)
                              .\CortexM3\ARM_GCC_493\Debug\Reflectance.o (Timer_L3_ReadStatusRegister)
.\CortexM3\ARM_GCC_493\Debug\ZumoBot.a(Timer_R3.o)
                              .\CortexM3\ARM_GCC_493\Debug\Reflectance.o (Timer_R3_ReadStatusRegister)
.\CortexM3\ARM_GCC_493\Debug\ZumoBot.a(Timer_R1.o)
                              .\CortexM3\ARM_GCC_493\Debug\Reflectance.o (Timer_R1_ReadStatusRegister)
.\CortexM3\ARM_GCC_493\Debug\ZumoBot.a(R1.o)
                              .\CortexM3\ARM_GCC_493\Debug\Reflectance.o (R1_Write)
.\CortexM3\ARM_GCC_493\Debug\ZumoBot.a(R3.o)
                              .\CortexM3\ARM_GCC_493\Debug\Reflectance.o (R3_Write)
.\CortexM3\ARM_GCC_493\Debug\ZumoBot.a(Timer_L1.o)
                              .\CortexM3\ARM_GCC_493\Debug\Reflectance.o (Timer_L1_ReadStatusRegister)
.\CortexM3\ARM_GCC_493\Debug\ZumoBot.a(L1.o)
                              .\CortexM3\ARM_GCC_493\Debug\Reflectance.o (L1_Write)
.\CortexM3\ARM_GCC_493\Debug\ZumoBot.a(CyBootAsmGnu.o)
                              .\CortexM3\ARM_GCC_493\Debug\ZumoBot.a(cyfitter_cfg.o) (CyDelayCycles)
.\CortexM3\ARM_GCC_493\Debug\ZumoBot.a(CyFlash.o)
                              .\CortexM3\ARM_GCC_493\Debug\ZumoBot.a(cyPm.o) (CyFlash_SetWaitCycles)
.\CortexM3\ARM_GCC_493\Debug\ZumoBot.a(CySpc.o)
                              .\CortexM3\ARM_GCC_493\Debug\ZumoBot.a(CyFlash.o) (CySpcStart)
c:/program files (x86)/cypress/psoc creator/4.0/psoc creator/import/gnu/arm/4.9.3/bin/../lib/gcc/arm-none-eabi/4.9.3/../../../../arm-none-eabi/lib/armv7-m\libm.a(lib_a-w_atan2.o)
                              .\CortexM3\ARM_GCC_493\Debug\Accel.o (atan2)
c:/program files (x86)/cypress/psoc creator/4.0/psoc creator/import/gnu/arm/4.9.3/bin/../lib/gcc/arm-none-eabi/4.9.3/../../../../arm-none-eabi/lib/armv7-m\libm.a(lib_a-w_pow.o)
                              .\CortexM3\ARM_GCC_493\Debug\Ambient.o (pow)
c:/program files (x86)/cypress/psoc creator/4.0/psoc creator/import/gnu/arm/4.9.3/bin/../lib/gcc/arm-none-eabi/4.9.3/../../../../arm-none-eabi/lib/armv7-m\libm.a(lib_a-e_atan2.o)
[...]
Memory Configuration

Name             Origin             Length             Attributes
rom              0x00000000         0x00040000         xr
ram              0x1fff8000         0x00010000         xrw
*default*        0x00000000         0xffffffff

Linker script and memory map

LOAD c:/program files (x86)/cypress/psoc creator/4.0/psoc creator/import/gnu/arm/4.9.3/bin/../lib/gcc/arm-none-eabi/4.9.3/armv7-m/crti.o
LOAD c:/program files (x86)/cypress/psoc creator/4.0/psoc creator/import/gnu/arm/4.9.3/bin/../lib/gcc/arm-none-eabi/4.9.3/armv7-m/crtbegin.o
LOAD c:/program files (x86)/cypress/psoc creator/4.0/psoc creator/import/gnu/arm/4.9.3/bin/../lib/gcc/arm-none-eabi/4.9.3/../../../../arm-none-eabi/lib/armv7-m/crt0.o
START GROUP
LOAD .\CortexM3\ARM_GCC_493\Debug\main.o
LOAD .\CortexM3\ARM_GCC_493\Debug\Accel.o
LOAD .\CortexM3\ARM_GCC_493\Debug\Ambient.o
LOAD .\CortexM3\ARM_GCC_493\Debug\Gyro.o
LOAD .\CortexM3\ARM_GCC_493\Debug\I2C_made.o
LOAD .\CortexM3\ARM_GCC_493\Debug\IR.o
LOAD .\CortexM3\ARM_GCC_493\Debug\Magnet.o
LOAD .\CortexM3\ARM_GCC_493\Debug\Motor.o
LOAD .\CortexM3\ARM_GCC_493\Debug\Nunchuk.o
LOAD .\CortexM3\ARM_GCC_493\Debug\Reflectance.o
LOAD .\CortexM3\ARM_GCC_493\Debug\Ultra.o
LOAD .\CortexM3\ARM_GCC_493\Debug\Beep.o
LOAD .\CortexM3\ARM_GCC_493\Debug\cymetadata.o
LOAD .\CortexM3\ARM_GCC_493\Debug\Cm3Start.o
LOAD .\CortexM3\ARM_GCC_493\Debug\ZumoBot.a
LOAD C:\Program Files (x86)\Cypress\PSoC Creator\4.0\PSoC Creator\psoc\content\cycomponentlibrary\CyComponentLibrary.cylib\CortexM3\ARM_GCC_493\Debug\CyComponentLibrary.a
LOAD c:/program files (x86)/cypress/psoc creator/4.0/psoc creator/import/gnu/arm/4.9.3/bin/../lib/gcc/arm-none-eabi/4.9.3/../../../../arm-none-eabi/lib/armv7-m\libm.a
END GROUP
START GROUP
LOAD c:/program files (x86)/cypress/psoc creator/4.0/psoc creator/import/gnu/arm/4.9.3/bin/../lib/gcc/arm-none-eabi/4.9.3/armv7-m\libgcc.a
LOAD c:/program files (x86)/cypress/psoc creator/4.0/psoc creator/import/gnu/arm/4.9.3/bin/../lib/gcc/arm-none-eabi/4.9.3/../../../../arm-none-eabi/lib/armv7-m\libg.a
LOAD c:/program files (x86)/cypress/psoc creator/4.0/psoc creator/import/gnu/arm/4.9.3/bin/../lib/gcc/arm-none-eabi/4.9.3/../../../../arm-none-eabi/lib/armv7-m\libc.a
END GROUP
LOAD c:/program files (x86)/cypress/psoc creator/4.0/psoc creator/import/gnu/arm/4.9.3/bin/../lib/gcc/arm-none-eabi/4.9.3/armv7-m/crtend.o
LOAD c:/program files (x86)/cypress/psoc creator/4.0/psoc creator/import/gnu/arm/4.9.3/bin/../lib/gcc/arm-none-eabi/4.9.3/armv7-m/crtn.o
START GROUP
LOAD c:/program files (x86)/cypress/psoc creator/4.0/psoc creator/import/gnu/arm/4.9.3/bin/../lib/gcc/arm-none-eabi/4.9.3/armv7-m\libgcc.a
LOAD c:/program files (x86)/cypress/psoc creator/4.0/psoc creator/import/gnu/arm/4.9.3/bin/../lib/gcc/arm-none-eabi/4.9.3/../../../../arm-none-eabi/lib/armv7-m\libc.a
LOAD c:/program files (x86)/cypress/psoc creator/4.0/psoc creator/import/gnu/arm/4.9.3/bin/../lib/gcc/arm-none-eabi/4.9.3/../../../../arm-none-eabi/lib/armv7-m\libnosys.a
END GROUP
                0x00000000                CY_APPL_ORIGIN = 0x0
                0x00000100                CY_FLASH_ROW_SIZE = 0x100
                0x00000020                CY_ECC_ROW_SIZE = 0x20
                0x00000000                CY_EE_IN_BTLDR = 0x0
                0x00000000                CY_APPL_LOADABLE = 0x0
                0x00000800                CY_EE_SIZE = 0x800
                0x00000001                CY_APPL_NUM = 0x1
                0x00000001                CY_APPL_MAX = 0x1
                0x00000040                CY_METADATA_SIZE = 0x40
                0x00000000                CY_APPL_LOADABLE = 0x0
                0x00000000                CY_CHECKSUM_EXCLUDE_SIZE = ALIGN (0x0, CY_FLASH_ROW_SIZE)
                0x1fff8a18                PROVIDE (__cy_heap_start, _end)
                0x00000001                PROVIDE (__cy_region_num, ((__cy_regions_end - __cy_regions) / 0x10))
                0x20008000                PROVIDE (__cy_stack, (ORIGIN (ram) + 0x10000))
                0x20007800                PROVIDE (__cy_heap_end, (__cy_stack - 0x800))

.cybootloader   0x00000000        0x0
 *(.cybootloader)
                0x00000000                appl1_start = CY_APPL_ORIGIN?CY_APPL_ORIGIN:ALIGN (CY_FLASH_ROW_SIZE)
                0x0001ff00                appl2_start = (appl1_start + ALIGN ((((0x40000 - appl1_start) - (0x2 * CY_FLASH_ROW_SIZE)) / 0x2), CY_FLASH_ROW_SIZE))
                0x00000000                appl_start = (CY_APPL_NUM == 0x1)?appl1_start:appl2_start
                0x00000000                ecc_offset = ((appl_start / CY_FLASH_ROW_SIZE) * CY_ECC_ROW_SIZE)
                0x00000000                ee_offset = (CY_APPL_LOADABLE && ! (CY_EE_IN_BTLDR))?((CY_EE_SIZE / CY_APPL_MAX) * (CY_APPL_NUM - 0x1)):0x0
                0x00000800                ee_size = (CY_APPL_LOADABLE && ! (CY_EE_IN_BTLDR))?(CY_EE_SIZE / CY_APPL_MAX):CY_EE_SIZE
                0x00000000                PROVIDE (CY_ECC_OFFSET, ecc_offset)

.text           0x00000000     0x934c
 CREATE_OBJECT_SYMBOLS
                0x00000000                PROVIDE (__cy_interrupt_vector, RomVectors)
 *(.romvectors)
 .romvectors    0x00000000       0x10 .\CortexM3\ARM_GCC_493\Debug\Cm3Start.o
                0x00000000                RomVectors
                0x00000001                ASSERT ((. != __cy_interrupt_vector), No interrupt vector)
                0x00000001                ASSERT (CY_APPL_ORIGIN?(SIZEOF (.cybootloader) <= CY_APPL_ORIGIN):0x1, Wrong image location)
                0x00000010                PROVIDE (__cy_reset, Reset)
 *(.text.Reset)
 .text.Reset    0x00000010       0x18 .\CortexM3\ARM_GCC_493\Debug\Cm3Start.o
                0x00000010                Reset
                0x00000001                ASSERT ((. != __cy_reset), No reset code)
 *(.dma_init)
                0x00000001                ASSERT ((((appl_start + .) <= 0x10000) || 0x1), DMA Init must be within the first 64k of flash)
 *(.text .text.* .gnu.linkonce.t.*)
 .text          0x00000028       0x5c c:/program files (x86)/cypress/psoc creator/4.0/psoc creator/import/gnu/arm/4.9.3/bin/../lib/gcc/arm-none-eabi/4.9.3/armv7-m/crtbegin.o
 .text.tank_turnR
                0x00000084       0x28 .\CortexM3\ARM_GCC_493\Debug\main.o
                0x00000084                tank_turnR
 .text.tank_turnL
                0x000000ac       0x28 .\CortexM3\ARM_GCC_493\Debug\main.o
                0x000000ac                tank_turnL
 .text.main     0x000000d4       0xe8 .\CortexM3\ARM_GCC_493\Debug\main.o
                0x000000d4                main
 .text._write   0x000001bc       0x2c .\CortexM3\ARM_GCC_493\Debug\main.o
                0x000001bc                _write
 .text._read    0x000001e8       0x38 .\CortexM3\ARM_GCC_493\Debug\main.o
                0x000001e8                _read
 .text.motor_start
                0x00000220        0x8 .\CortexM3\ARM_GCC_493\Debug\Motor.o
                0x00000220                motor_start
 .text.motor_stop
                0x00000228        0x8 .\CortexM3\ARM_GCC_493\Debug\Motor.o
                0x00000228                motor_stop
 .text.motor_forward
                0x00000230       0x28 .\CortexM3\ARM_GCC_493\Debug\Motor.o
                0x00000230                motor_forward
 .text.motor_backward
                0x00000258       0x28 .\CortexM3\ARM_GCC_493\Debug\Motor.o
                0x00000258                motor_backward
 .text.IntDefaultHandler
                0x00000280       0x10 .\CortexM3\ARM_GCC_493\Debug\Cm3Start.o
                0x00000280                IntDefaultHandler
 .text._sbrk    0x00000290       0x30 .\CortexM3\ARM_GCC_493\Debug\Cm3Start.o
                0x00000290                _sbrk
 .text.Start_c  0x000002c0       0x4c .\CortexM3\ARM_GCC_493\Debug\Cm3Start.o
                0x000002c0                Start_c
 .text.initialize_psoc
                0x0000030c       0x74 .\CortexM3\ARM_GCC_493\Debug\Cm3Start.o
                0x0000030c                initialize_psoc
 .text.CyClockStartupError
                0x00000380        0x4 .\CortexM3\ARM_GCC_493\Debug\ZumoBot.a(cyfitter_cfg.o)
 .text.cfg_write_bytes32
                0x00000384       0x34 .\CortexM3\ARM_GCC_493\Debug\ZumoBot.a(cyfitter_cfg.o)
 .text.CYMEMZERO
                0x000003b8        0xc .\CortexM3\ARM_GCC_493\Debug\ZumoBot.a(cyfitter_cfg.o)
 .text.ClockSetup
                0x000003c4       0xf0 .\CortexM3\ARM_GCC_493\Debug\ZumoBot.a(cyfitter_cfg.o)
 .text.AnalogSetDefault
                0x000004b4       0x80 .\CortexM3\ARM_GCC_493\Debug\ZumoBot.a(cyfitter_cfg.o)
 .text.CYCONFIGCPY
                0x00000534        0x8 .\CortexM3\ARM_GCC_493\Debug\ZumoBot.a(cyfitter_cfg.o)
 .text.cyfitter_cfg
                0x0000053c      0x144 .\CortexM3\ARM_GCC_493\Debug\ZumoBot.a(cyfitter_cfg.o)
                0x0000053c                cyfitter_cfg
 .text.PWM_Enable
                0x00000680       0x10 .\CortexM3\ARM_GCC_493\Debug\ZumoBot.a(PWM.o)
                0x00000680                PWM_Enable
 .text.PWM_Stop
                0x00000690       0x10 .\CortexM3\ARM_GCC_493\Debug\ZumoBot.a(PWM.o)
                0x00000690                PWM_Stop
 .text.PWM_WriteCounter
                0x000006a0        0xc .\CortexM3\ARM_GCC_493\Debug\ZumoBot.a(PWM.o)
                0x000006a0                PWM_WriteCounter
 .text.PWM_WritePeriod
                0x000006ac        0xc .\CortexM3\ARM_GCC_493\Debug\ZumoBot.a(PWM.o)
                0x000006ac                PWM_WritePeriod
 .text.PWM_WriteCompare1
                0x000006b8        0xc .\CortexM3\ARM_GCC_493\Debug\ZumoBot.a(PWM.o)
                0x000006b8                PWM_WriteCompare1
 .text.PWM_WriteCompare2
                0x000006c4        0xc .\CortexM3\ARM_GCC_493\Debug\ZumoBot.a(PWM.o)
                0x000006c4                PWM_WriteCompare2
 .text.PWM_SetInterruptMode
                0x000006d0        0xc .\CortexM3\ARM_GCC_493\Debug\ZumoBot.a(PWM.o)
                0x000006d0                PWM_SetInterruptMode
 .text.PWM_ReadStatusRegister
                0x000006dc        0xc .\CortexM3\ARM_GCC_493\Debug\ZumoBot.a(PWM.o)
                0x000006dc                PWM_ReadStatusRegister
 .text.PWM_ReadCapture
                0x000006e8        0xc .\CortexM3\ARM_GCC_493\Debug\ZumoBot.a(PWM.o)
                0x000006e8                PWM_ReadCapture
 .text.PWM_ClearFIFO
                0x000006f4       0x14 .\CortexM3\ARM_GCC_493\Debug\ZumoBot.a(PWM.o)
                0x000006f4                PWM_ClearFIFO
 .text.PWM_Init
                0x00000708       0x58 .\CortexM3\ARM_GCC_493\Debug\ZumoBot.a(PWM.o)
                0x00000708                PWM_Init
 .text.PWM_Start
                0x00000760       0x1c .\CortexM3\ARM_GCC_493\Debug\ZumoBot.a(PWM.o)
                0x00000760                PWM_Start
 .text.CyDelay  0x0000077c       0x2c .\CortexM3\ARM_GCC_493\Debug\ZumoBot.a(CyLib.o)
                0x0000077c                CyDelay
 .text.CyDelayUs
                0x000007a8       0x14 .\CortexM3\ARM_GCC_493\Debug\ZumoBot.a(CyLib.o)
                0x000007a8                CyDelayUs
 .text.MotorDirLeft_Write
                0x000007bc       0x18 .\CortexM3\ARM_GCC_493\Debug\ZumoBot.a(MotorDirLeft.o)
                0x000007bc                MotorDirLeft_Write
 .text.MotorDirRight_Write
                0x000007d4       0x18 .\CortexM3\ARM_GCC_493\Debug\ZumoBot.a(MotorDirRight.o)
                0x000007d4                MotorDirRight_Write
 .text.UART_1_Init
                0x000007ec       0x28 .\CortexM3\ARM_GCC_493\Debug\ZumoBot.a(UART_1.o)
                0x000007ec                UART_1_Init
 .text.UART_1_Enable
                0x00000814       0x38 .\CortexM3\ARM_GCC_493\Debug\ZumoBot.a(UART_1.o)
                0x00000814                UART_1_Enable
 .text.UART_1_Start
                0x0000084c       0x1c .\CortexM3\ARM_GCC_493\Debug\ZumoBot.a(UART_1.o)
                0x0000084c                UART_1_Start
 .text.UART_1_GetChar
                0x00000868       0x2c .\CortexM3\ARM_GCC_493\Debug\ZumoBot.a(UART_1.o)
                0x00000868                UART_1_GetChar
 .text.UART_1_PutChar
                0x00000894       0x18 .\CortexM3\ARM_GCC_493\Debug\ZumoBot.a(UART_1.o)
                0x00000894                UART_1_PutChar
 .text.UART_1_IntClock_Start
                0x000008ac       0x1c .\CortexM3\ARM_GCC_493\Debug\ZumoBot.a(UART_1_IntClock.o)
                0x000008ac                UART_1_IntClock_Start
 .text          0x000008c8       0x20 .\CortexM3\ARM_GCC_493\Debug\ZumoBot.a(CyBootAsmGnu.o)
                0x000008c8                CyDelayCycles
                0x000008d8                CyEnterCriticalSection
                0x000008e0                CyExitCriticalSection
 .text.__fpclassifyd
                0x000008e8       0x58 c:/program files (x86)/cypress/psoc creator/4.0/psoc creator/import/gnu/arm/4.9.3/bin/../lib/gcc/arm-none-eabi/4.9.3/../../../../arm-none-eabi/lib/armv7-m\libm.a(lib_a-s_fpclassify.o)
                0x000008e8                __fpclassifyd
 .text          0x00000940      0x370 c:/program files (x86)/cypress/psoc creator/4.0/psoc creator/import/gnu/arm/4.9.3/bin/../lib/gcc/arm-none-eabi/4.9.3/armv7-m\libgcc.a(_arm_addsubdf3.o)
                0x00000940                __aeabi_drsub
                0x00000948                __aeabi_dsub
                0x00000948                __subdf3
                0x0000094c                __aeabi_dadd
                0x0000094c                __adddf3
                0x00000bc4                __floatunsidf
                0x00000bc4                __aeabi_ui2d
                0x00000be4                __floatsidf
                0x00000be4                __aeabi_i2d
                0x00000c08                __aeabi_f2d
                0x00000c08                __extendsfdf2
                0x00000c44                __floatundidf
                0x00000c44                __aeabi_ul2d
                0x00000c54                __floatdidf
                0x00000c54                __aeabi_l2d
 .text          0x00000cb0      0x424 c:/program files (x86)/cypress/psoc creator/4.0/psoc creator/import/gnu/arm/4.9.3/bin/../lib/gcc/arm-none-eabi/4.9.3/armv7-m\libgcc.a(_arm_muldivdf3.o)
                0x00000cb0                __aeabi_dmul
                0x00000cb0                __muldf3
                0x00000f04                __divdf3
                0x00000f04                __aeabi_ddiv
 .text          0x000010d4      0x110 c:/program files (x86)/cypress/psoc creator/4.0/psoc creator/import/gnu/arm/4.9.3/bin/../lib/gcc/arm-none-eabi/4.9.3/armv7-m\libgcc.a(_arm_cmpdf2.o)
                0x000010d4                __gtdf2
                0x000010d4                __gedf2
                0x000010dc                __ltdf2
                0x000010dc                __ledf2
                0x000010e4                __nedf2
                0x000010e4                __eqdf2
                0x000010e4                __cmpdf2
                0x00001160                __aeabi_cdrcmple
                0x00001170                __aeabi_cdcmpeq
                0x00001170                __aeabi_cdcmple
                0x00001180                __aeabi_dcmpeq
                0x00001194                __aeabi_dcmplt
                0x000011a8                __aeabi_dcmple
                0x000011bc                __aeabi_dcmpge
                0x000011d0                __aeabi_dcmpgt
 .text.__errno  0x000011e4        0xc c:/program files (x86)/cypress/psoc creator/4.0/psoc creator/import/gnu/arm/4.9.3/bin/../lib/gcc/arm-none-eabi/4.9.3/../../../../arm-none-eabi/lib/armv7-m\libg.a(lib_a-errno.o)
                0x000011e4                __errno
 .text.__libc_init_array
                0x000011f0       0x50 c:/program files (x86)/cypress/psoc creator/4.0/psoc creator/import/gnu/arm/4.9.3/bin/../lib/gcc/arm-none-eabi/4.9.3/../../../../arm-none-eabi/lib/armv7-m\libg.a(lib_a-init.o)
                0x000011f0                __libc_init_array
 .text          0x00001240       0xec c:/program files (x86)/cypress/psoc creator/4.0/psoc creator/import/gnu/arm/4.9.3/bin/../lib/gcc/arm-none-eabi/4.9.3/../../../../arm-none-eabi/lib/armv7-m\libg.a(lib_a-memcpy.o)
                0x00001240                memcpy
 .text.memset   0x0000132c       0x9c c:/program files (x86)/cypress/psoc creator/4.0/psoc creator/import/gnu/arm/4.9.3/bin/../lib/gcc/arm-none-eabi/4.9.3/../../../../arm-none-eabi/lib/armv7-m\libg.a(lib_a-memset.o)
                0x0000132c                memset
 .text._puts_r  0x000013c8       0x60 c:/program files (x86)/cypress/psoc creator/4.0/psoc creator/import/gnu/arm/4.9.3/bin/../lib/gcc/arm-none-eabi/4.9.3/../../../../arm-none-eabi/lib/armv7-m\libg.a(lib_a-puts.o)
                0x000013c8                _puts_r
 .text.puts     0x00001428       0x10 c:/program files (x86)/cypress/psoc creator/4.0/psoc creator/import/gnu/arm/4.9.3/bin/../lib/gcc/arm-none-eabi/4.9.3/../../../../arm-none-eabi/lib/armv7-m\libg.a(lib_a-puts.o)
                0x00001428                puts
 .text.scanf    0x00001438       0x28 c:/program files (x86)/cypress/psoc creator/4.0/psoc creator/import/gnu/arm/4.9.3/bin/../lib/gcc/arm-none-eabi/4.9.3/../../../../arm-none-eabi/lib/armv7-m\libg.a(lib_a-scanf.o)
                0x00001438                scanf
 .text.strlen   0x00001460       0x5c c:/program files (x86)/cypress/psoc creator/4.0/psoc creator/import/gnu/arm/4.9.3/bin/../lib/gcc/arm-none-eabi/4.9.3/../../../../arm-none-eabi/lib/armv7-m\libg.a(lib_a-strlen.o)
                0x00001460                strlen
 .text.__svfscanf_r
                0x000014bc      0xdf4 c:/program files (x86)/cypress/psoc creator/4.0/psoc creator/import/gnu/arm/4.9.3/bin/../lib/gcc/arm-none-eabi/4.9.3/../../../../arm-none-eabi/lib/armv7-m\libg.a(lib_a-vfscanf.o)
                0x000014bc                __svfscanf_r
 .text._vfscanf_r
                0x000022b0       0x28 c:/program files (x86)/cypress/psoc creator/4.0/psoc creator/import/gnu/arm/4.9.3/bin/../lib/gcc/arm-none-eabi/4.9.3/../../../../arm-none-eabi/lib/armv7-m\libg.a(lib_a-vfscanf.o)
                0x000022b0                _vfscanf_r
 .text.startup.register_fini
                0x000022d8       0x14 c:/program files (x86)/cypress/psoc creator/4.0/psoc creator/import/gnu/arm/4.9.3/bin/../lib/gcc/arm-none-eabi/4.9.3/../../../../arm-none-eabi/lib/armv7-m\libg.a(lib_a-__call_atexit.o)
 .text.atexit   0x000022ec        0xc c:/program files (x86)/cypress/psoc creator/4.0/psoc creator/import/gnu/arm/4.9.3/bin/../lib/gcc/arm-none-eabi/4.9.3/../../../../arm-none-eabi/lib/armv7-m\libg.a(lib_a-atexit.o)
                0x000022ec                atexit
 .text._cleanup_r
                0x000022f8        0xc c:/program files (x86)/cypress/psoc creator/4.0/psoc creator/import/gnu/arm/4.9.3/bin/../lib/gcc/arm-none-eabi/4.9.3/../../../../arm-none-eabi/lib/armv7-m\libg.a(lib_a-findfp.o)
                0x000022f8                _cleanup_r
 .text.__sinit.part.1
                0x00002304       0xf0 c:/program files (x86)/cypress/psoc creator/4.0/psoc creator/import/gnu/arm/4.9.3/bin/../lib/gcc/arm-none-eabi/4.9.3/../../../../arm-none-eabi/lib/armv7-m\libg.a(lib_a-findfp.o)
 .text.__sinit  0x000023f4        0xc c:/program files (x86)/cypress/psoc creator/4.0/psoc creator/import/gnu/arm/4.9.3/bin/../lib/gcc/arm-none-eabi/4.9.3/../../../../arm-none-eabi/lib/armv7-m\libg.a(lib_a-findfp.o)
                0x000023f4                __sinit
 .text.__sfp_lock_acquire
                0x00002400        0x4 c:/program files (x86)/cypress/psoc creator/4.0/psoc creator/import/gnu/arm/4.9.3/bin/../lib/gcc/arm-none-eabi/4.9.3/../../../../arm-none-eabi/lib/armv7-m\libg.a(lib_a-findfp.o)
                0x00002400                __sfp_lock_acquire
 .text.__sfp_lock_release
                0x00002404        0x4 c:/program files (x86)/cypress/psoc creator/4.0/psoc creator/import/gnu/arm/4.9.3/bin/../lib/gcc/arm-none-eabi/4.9.3/../../../../arm-none-eabi/lib/armv7-m\libg.a(lib_a-findfp.o)
                0x00002404                __sfp_lock_release
 .text.__libc_fini_array
                0x00002408       0x2c c:/program files (x86)/cypress/psoc creator/4.0/psoc creator/import/gnu/arm/4.9.3/bin/../lib/gcc/arm-none-eabi/4.9.3/../../../../arm-none-eabi/lib/armv7-m\libg.a(lib_a-fini.o)
                0x00002408                __libc_fini_array
 .text._fread_r
                0x00002434      0x194 c:/program files (x86)/cypress/psoc creator/4.0/psoc creator/import/gnu/arm/4.9.3/bin/../lib/gcc/arm-none-eabi/4.9.3/../../../../arm-none-eabi/lib/armv7-m\libg.a(lib_a-fread.o)
                0x00002434                _fread_r
 .text._malloc_trim_r
                0x000025c8       0x9c c:/program files (x86)/cypress/psoc creator/4.0/psoc creator/import/gnu/arm/4.9.3/bin/../lib/gcc/arm-none-eabi/4.9.3/../../../../arm-none-eabi/lib/armv7-m\libg.a(lib_a-freer.o)
                0x000025c8                _malloc_trim_r
 .text._free_r  0x00002664      0x1b0 c:/program files (x86)/cypress/psoc creator/4.0/psoc creator/import/gnu/arm/4.9.3/bin/../lib/gcc/arm-none-eabi/4.9.3/../../../../arm-none-eabi/lib/armv7-m\libg.a(lib_a-freer.o)
                0x00002664                _free_r
 .text.__sfvwrite_r
                0x00002814      0x320 c:/program files (x86)/cypress/psoc creator/4.0/psoc creator/import/gnu/arm/4.9.3/bin/../lib/gcc/arm-none-eabi/4.9.3/../../../../arm-none-eabi/lib/armv7-m\libg.a(lib_a-fvwrite.o)
                0x00002814                __sfvwrite_r
 .text._fwalk   0x00002b34       0x48 c:/program files (x86)/cypress/psoc creator/4.0/psoc creator/import/gnu/arm/4.9.3/bin/../lib/gcc/arm-none-eabi/4.9.3/../../../../arm-none-eabi/lib/armv7-m\libg.a(lib_a-fwalk.o)
                0x00002b34                _fwalk
 .text._fwalk_reent
                0x00002b7c       0x50 c:/program files (x86)/cypress/psoc creator/4.0/psoc creator/import/gnu/arm/4.9.3/bin/../lib/gcc/arm-none-eabi/4.9.3/../../../../arm-none-eabi/lib/armv7-m\libg.a(lib_a-fwalk.o)
                0x00002b7c                _fwalk_reent
 .text.iswspace
                0x00002bcc       0x1c c:/program files (x86)/cypress/psoc creator/4.0/psoc creator/import/gnu/arm/4.9.3/bin/../lib/gcc/arm-none-eabi/4.9.3/../../../../arm-none-eabi/lib/armv7-m\libg.a(lib_a-iswspace.o)
                0x00002bcc                iswspace
 .text.__locale_charset
                0x00002be8        0x8 c:/program files (x86)/cypress/psoc creator/4.0/psoc creator/import/gnu/arm/4.9.3/bin/../lib/gcc/arm-none-eabi/4.9.3/../../../../arm-none-eabi/lib/armv7-m\libg.a(lib_a-locale.o)
                0x00002be8                __locale_charset
 .text.__locale_mb_cur_max
                0x00002bf0        0xc c:/program files (x86)/cypress/psoc creator/4.0/psoc creator/import/gnu/arm/4.9.3/bin/../lib/gcc/arm-none-eabi/4.9.3/../../../../arm-none-eabi/lib/armv7-m\libg.a(lib_a-locale.o)
                0x00002bf0                __locale_mb_cur_max
 .text._localeconv_r
                0x00002bfc        0x8 c:/program files (x86)/cypress/psoc creator/4.0/psoc creator/import/gnu/arm/4.9.3/bin/../lib/gcc/arm-none-eabi/4.9.3/../../../../arm-none-eabi/lib/armv7-m\libg.a(lib_a-locale.o)
                0x00002bfc                _localeconv_r
 .text._malloc_r
                0x00002c04      0x50c c:/program files (x86)/cypress/psoc creator/4.0/psoc creator/import/gnu/arm/4.9.3/bin/../lib/gcc/arm-none-eabi/4.9.3/../../../../arm-none-eabi/lib/armv7-m\libg.a(lib_a-mallocr.o)
                0x00002c04                _malloc_r
 .text._mbrtowc_r
                0x00003110       0x5c c:/program files (x86)/cypress/psoc creator/4.0/psoc creator/import/gnu/arm/4.9.3/bin/../lib/gcc/arm-none-eabi/4.9.3/../../../../arm-none-eabi/lib/armv7-m\libg.a(lib_a-mbrtowc.o)
                0x00003110                _mbrtowc_r
 .text.__ascii_mbtowc
                0x0000316c       0x2c c:/program files (x86)/cypress/psoc creator/4.0/psoc creator/import/gnu/arm/4.9.3/bin/../lib/gcc/arm-none-eabi/4.9.3/../../../../arm-none-eabi/lib/armv7-m\libg.a(lib_a-mbtowc_r.o)
                0x0000316c                __ascii_mbtowc
 .text.memchr   0x00003198       0x94 c:/program files (x86)/cypress/psoc creator/4.0/psoc creator/import/gnu/arm/4.9.3/bin/../lib/gcc/arm-none-eabi/4.9.3/../../../../arm-none-eabi/lib/armv7-m\libg.a(lib_a-memchr.o)
                0x00003198                memchr
 .text.memmove  0x0000322c       0xc8 c:/program files (x86)/cypress/psoc creator/4.0/psoc creator/import/gnu/arm/4.9.3/bin/../lib/gcc/arm-none-eabi/4.9.3/../../../../arm-none-eabi/lib/armv7-m\libg.a(lib_a-memmove.o)
                0x0000322c                memmove
 .text.__malloc_lock
                0x000032f4        0x4 c:/program files (x86)/cypress/psoc creator/4.0/psoc creator/import/gnu/arm/4.9.3/bin/../lib/gcc/arm-none-eabi/4.9.3/../../../../arm-none-eabi/lib/armv7-m\libg.a(lib_a-mlock.o)
                0x000032f4                __malloc_lock
 .text.__malloc_unlock
                0x000032f8        0x4 c:/program files (x86)/cypress/psoc creator/4.0/psoc creator/import/gnu/arm/4.9.3/bin/../lib/gcc/arm-none-eabi/4.9.3/../../../../arm-none-eabi/lib/armv7-m\libg.a(lib_a-mlock.o)
                0x000032f8                __malloc_unlock
 .text._realloc_r
                0x000032fc      0x3e0 c:/program files (x86)/cypress/psoc creator/4.0/psoc creator/import/gnu/arm/4.9.3/bin/../lib/gcc/arm-none-eabi/4.9.3/../../../../arm-none-eabi/lib/armv7-m\libg.a(lib_a-reallocr.o)
                0x000032fc                _realloc_r
 .text.lflush   0x000036dc       0x14 c:/program files (x86)/cypress/psoc creator/4.0/psoc creator/import/gnu/arm/4.9.3/bin/../lib/gcc/arm-none-eabi/4.9.3/../../../../arm-none-eabi/lib/armv7-m\libg.a(lib_a-refill.o)
 .text.__srefill_r
                0x000036f0      0x110 c:/program files (x86)/cypress/psoc creator/4.0/psoc creator/import/gnu/arm/4.9.3/bin/../lib/gcc/arm-none-eabi/4.9.3/../../../../arm-none-eabi/lib/armv7-m\libg.a(lib_a-refill.o)
                0x000036f0                __srefill_r
 .text._sbrk_r  0x00003800       0x24 c:/program files (x86)/cypress/psoc creator/4.0/psoc creator/import/gnu/arm/4.9.3/bin/../lib/gcc/arm-none-eabi/4.9.3/../../../../arm-none-eabi/lib/armv7-m\libg.a(lib_a-sbrkr.o)
                0x00003800                _sbrk_r
 .text.__sccl   0x00003824       0x78 c:/program files (x86)/cypress/psoc creator/4.0/psoc creator/import/gnu/arm/4.9.3/bin/../lib/gcc/arm-none-eabi/4.9.3/../../../../arm-none-eabi/lib/armv7-m\libg.a(lib_a-sccl.o)
                0x00003824                __sccl
 .text.nanf     0x0000389c        0x8 c:/program files (x86)/cypress/psoc creator/4.0/psoc creator/import/gnu/arm/4.9.3/bin/../lib/gcc/arm-none-eabi/4.9.3/../../../../arm-none-eabi/lib/armv7-m\libg.a(lib_a-sf_nan.o)
                0x0000389c                nanf
 .text.sprintf  0x000038a4       0x4c c:/program files (x86)/cypress/psoc creator/4.0/psoc creator/import/gnu/arm/4.9.3/bin/../lib/gcc/arm-none-eabi/4.9.3/../../../../arm-none-eabi/lib/armv7-m\libg.a(lib_a-sprintf.o)
                0x000038a4                sprintf
 .text.__sread  0x000038f0       0x24 c:/program files (x86)/cypress/psoc creator/4.0/psoc creator/import/gnu/arm/4.9.3/bin/../lib/gcc/arm-none-eabi/4.9.3/../../../../arm-none-eabi/lib/armv7-m\libg.a(lib_a-stdio.o)
                0x000038f0                __sread
 .text.__swrite
                0x00003914       0x38 c:/program files (x86)/cypress/psoc creator/4.0/psoc creator/import/gnu/arm/4.9.3/bin/../lib/gcc/arm-none-eabi/4.9.3/../../../../arm-none-eabi/lib/armv7-m\libg.a(lib_a-stdio.o)
                0x00003914                __swrite
 .text.__sseek  0x0000394c       0x20 c:/program files (x86)/cypress/psoc creator/4.0/psoc creator/import/gnu/arm/4.9.3/bin/../lib/gcc/arm-none-eabi/4.9.3/../../../../arm-none-eabi/lib/armv7-m\libg.a(lib_a-stdio.o)
                0x0000394c                __sseek
 .text.__sclose
                0x0000396c        0x8 c:/program files (x86)/cypress/psoc creator/4.0/psoc creator/import/gnu/arm/4.9.3/bin/../lib/gcc/arm-none-eabi/4.9.3/../../../../arm-none-eabi/lib/armv7-m\libg.a(lib_a-stdio.o)
                0x0000396c                __sclose
 .text.sulp     0x00003974       0x44 c:/program files (x86)/cypress/psoc creator/4.0/psoc creator/import/gnu/arm/4.9.3/bin/../lib/gcc/arm-none-eabi/4.9.3/../../../../arm-none-eabi/lib/armv7-m\libg.a(lib_a-strtod.o)
 .text._strtod_r
                0x000039b8      0xf30 c:/program files (x86)/cypress/psoc creator/4.0/psoc creator/import/gnu/arm/4.9.3/bin/../lib/gcc/arm-none-eabi/4.9.3/../../../../arm-none-eabi/lib/armv7-m\libg.a(lib_a-strtod.o)
                0x000039b8                _strtod_r
 .text._strtol_r
                0x000048e8      0x11c c:/program files (x86)/cypress/psoc creator/4.0/psoc creator/import/gnu/arm/4.9.3/bin/../lib/gcc/arm-none-eabi/4.9.3/../../../../arm-none-eabi/lib/armv7-m\libg.a(lib_a-strtol.o)
                0x000048e8                _strtol_r
 .text._strtoll_r
                0x00004a04      0x1cc c:/program files (x86)/cypress/psoc creator/4.0/psoc creator/import/gnu/arm/4.9.3/bin/../lib/gcc/arm-none-eabi/4.9.3/../../../../arm-none-eabi/lib/armv7-m\libg.a(lib_a-strtoll_r.o)
                0x00004a04                _strtoll_r
 .text._strtoul_r
                0x00004bd0      0x134 c:/program files (x86)/cypress/psoc creator/4.0/psoc creator/import/gnu/arm/4.9.3/bin/../lib/gcc/arm-none-eabi/4.9.3/../../../../arm-none-eabi/lib/armv7-m\libg.a(lib_a-strtoul.o)
                0x00004bd0                _strtoul_r
 .text._strtoull_r
                0x00004d04      0x1e8 c:/program files (x86)/cypress/psoc creator/4.0/psoc creator/import/gnu/arm/4.9.3/bin/../lib/gcc/arm-none-eabi/4.9.3/../../../../arm-none-eabi/lib/armv7-m\libg.a(lib_a-strtoull_r.o)
                0x00004d04                _strtoull_r
 .text._svfprintf_r
                0x00004eec     0x14f4 c:/program files (x86)/cypress/psoc creator/4.0/psoc creator/import/gnu/arm/4.9.3/bin/../lib/gcc/arm-none-eabi/4.9.3/../../../../arm-none-eabi/lib/armv7-m\libg.a(lib_a-svfprintf.o)
                0x00004eec                _svfprintf_r
 .text.__submore
                0x000063e0       0x7c c:/program files (x86)/cypress/psoc creator/4.0/psoc creator/import/gnu/arm/4.9.3/bin/../lib/gcc/arm-none-eabi/4.9.3/../../../../arm-none-eabi/lib/armv7-m\libg.a(lib_a-ungetc.o)
                0x000063e0                __submore
 .text._ungetc_r
                0x0000645c       0xd4 c:/program files (x86)/cypress/psoc creator/4.0/psoc creator/import/gnu/arm/4.9.3/bin/../lib/gcc/arm-none-eabi/4.9.3/../../../../arm-none-eabi/lib/armv7-m\libg.a(lib_a-ungetc.o)
                0x0000645c                _ungetc_r
 .text._write_r
                0x00006530       0x28 c:/program files (x86)/cypress/psoc creator/4.0/psoc creator/import/gnu/arm/4.9.3/bin/../lib/gcc/arm-none-eabi/4.9.3/../../../../arm-none-eabi/lib/armv7-m\libg.a(lib_a-writer.o)
                0x00006530                _write_r
 .text.__swsetup_r
                0x00006558       0xc4 c:/program files (x86)/cypress/psoc creator/4.0/psoc creator/import/gnu/arm/4.9.3/bin/../lib/gcc/arm-none-eabi/4.9.3/../../../../arm-none-eabi/lib/armv7-m\libg.a(lib_a-wsetup.o)
                0x00006558                __swsetup_r
 .text.__register_exitproc
                0x0000661c       0xa4 c:/program files (x86)/cypress/psoc creator/4.0/psoc creator/import/gnu/arm/4.9.3/bin/../lib/gcc/arm-none-eabi/4.9.3/../../../../arm-none-eabi/lib/armv7-m\libg.a(lib_a-__atexit.o)
                0x0000661c                __register_exitproc
 .text._close_r
                0x000066c0       0x24 c:/program files (x86)/cypress/psoc creator/4.0/psoc creator/import/gnu/arm/4.9.3/bin/../lib/gcc/arm-none-eabi/4.9.3/../../../../arm-none-eabi/lib/armv7-m\libg.a(lib_a-closer.o)
                0x000066c0                _close_r
 .text.quorem   0x000066e4      0x130 c:/program files (x86)/cypress/psoc creator/4.0/psoc creator/import/gnu/arm/4.9.3/bin/../lib/gcc/arm-none-eabi/4.9.3/../../../../arm-none-eabi/lib/armv7-m\libg.a(lib_a-dtoa.o)
 *fill*         0x00006814        0x4 
 .text._dtoa_r  0x00006818      0xea8 c:/program files (x86)/cypress/psoc creator/4.0/psoc creator/import/gnu/arm/4.9.3/bin/../lib/gcc/arm-none-eabi/4.9.3/../../../../arm-none-eabi/lib/armv7-m\libg.a(lib_a-dtoa.o)
                0x00006818                _dtoa_r
 .text._fclose_r
                0x000076c0       0x84 c:/program files (x86)/cypress/psoc creator/4.0/psoc creator/import/gnu/arm/4.9.3/bin/../lib/gcc/arm-none-eabi/4.9.3/../../../../arm-none-eabi/lib/armv7-m\libg.a(lib_a-fclose.o)
                0x000076c0                _fclose_r
 .text.__sflush_r
                0x00007744      0x148 c:/program files (x86)/cypress/psoc creator/4.0/psoc creator/import/gnu/arm/4.9.3/bin/../lib/gcc/arm-none-eabi/4.9.3/../../../../arm-none-eabi/lib/armv7-m\libg.a(lib_a-fflush.o)
                0x00007744                __sflush_r
 .text._fflush_r
                0x0000788c       0x2c c:/program files (x86)/cypress/psoc creator/4.0/psoc creator/import/gnu/arm/4.9.3/bin/../lib/gcc/arm-none-eabi/4.9.3/../../../../arm-none-eabi/lib/armv7-m\libg.a(lib_a-fflush.o)
                0x0000788c                _fflush_r
 .text.fflush   0x000078b8       0x24 c:/program files (x86)/cypress/psoc creator/4.0/psoc creator/import/gnu/arm/4.9.3/bin/../lib/gcc/arm-none-eabi/4.9.3/../../../../arm-none-eabi/lib/armv7-m\libg.a(lib_a-fflush.o)
                0x000078b8                fflush
 .text.rshift   0x000078dc       0xa0 c:/program files (x86)/cypress/psoc creator/4.0/psoc creator/import/gnu/arm/4.9.3/bin/../lib/gcc/arm-none-eabi/4.9.3/../../../../arm-none-eabi/lib/armv7-m\libg.a(lib_a-gdtoa-gethex.o)
 .text.__gethex
                0x0000797c      0x514 c:/program files (x86)/cypress/psoc creator/4.0/psoc creator/import/gnu/arm/4.9.3/bin/../lib/gcc/arm-none-eabi/4.9.3/../../../../arm-none-eabi/lib/armv7-m\libg.a(lib_a-gdtoa-gethex.o)
                0x0000797c                __gethex
 .text.__hexnan
                0x00007e90      0x184 c:/program files (x86)/cypress/psoc creator/4.0/psoc creator/import/gnu/arm/4.9.3/bin/../lib/gcc/arm-none-eabi/4.9.3/../../../../arm-none-eabi/lib/armv7-m\libg.a(lib_a-gdtoa-hexnan.o)
                0x00007e90                __hexnan
 .text._lseek_r
                0x00008014       0x28 c:/program files (x86)/cypress/psoc creator/4.0/psoc creator/import/gnu/arm/4.9.3/bin/../lib/gcc/arm-none-eabi/4.9.3/../../../../arm-none-eabi/lib/armv7-m\libg.a(lib_a-lseekr.o)
                0x00008014                _lseek_r
 .text.__smakebuf_r
                0x0000803c       0xe0 c:/program files (x86)/cypress/psoc creator/4.0/psoc creator/import/gnu/arm/4.9.3/bin/../lib/gcc/arm-none-eabi/4.9.3/../../../../arm-none-eabi/lib/armv7-m\libg.a(lib_a-makebuf.o)
                0x0000803c                __smakebuf_r
 .text._Balloc  0x0000811c       0x50 c:/program files (x86)/cypress/psoc creator/4.0/psoc creator/import/gnu/arm/4.9.3/bin/../lib/gcc/arm-none-eabi/4.9.3/../../../../arm-none-eabi/lib/armv7-m\libg.a(lib_a-mprec.o)
                0x0000811c                _Balloc
 .text._Bfree   0x0000816c       0x14 c:/program files (x86)/cypress/psoc creator/4.0/psoc creator/import/gnu/arm/4.9.3/bin/../lib/gcc/arm-none-eabi/4.9.3/../../../../arm-none-eabi/lib/armv7-m\libg.a(lib_a-mprec.o)
                0x0000816c                _Bfree
 .text.__multadd
                0x00008180       0x84 c:/program files (x86)/cypress/psoc creator/4.0/psoc creator/import/gnu/arm/4.9.3/bin/../lib/gcc/arm-none-eabi/4.9.3/../../../../arm-none-eabi/lib/armv7-m\libg.a(lib_a-mprec.o)
                0x00008180                __multadd
 .text.__s2b    0x00008204       0x98 c:/program files (x86)/cypress/psoc creator/4.0/psoc creator/import/gnu/arm/4.9.3/bin/../lib/gcc/arm-none-eabi/4.9.3/../../../../arm-none-eabi/lib/armv7-m\libg.a(lib_a-mprec.o)
                0x00008204                __s2b
 .text.__hi0bits
                0x0000829c       0x40 c:/program files (x86)/cypress/psoc creator/4.0/psoc creator/import/gnu/arm/4.9.3/bin/../lib/gcc/arm-none-eabi/4.9.3/../../../../arm-none-eabi/lib/armv7-m\libg.a(lib_a-mprec.o)
                0x0000829c                __hi0bits
 .text.__lo0bits
                0x000082dc       0x5c c:/program files (x86)/cypress/psoc creator/4.0/psoc creator/import/gnu/arm/4.9.3/bin/../lib/gcc/arm-none-eabi/4.9.3/../../../../arm-none-eabi/lib/armv7-m\libg.a(lib_a-mprec.o)
                0x000082dc                __lo0bits
 .text.__i2b    0x00008338       0x14 c:/program files (x86)/cypress/psoc creator/4.0/psoc creator/import/gnu/arm/4.9.3/bin/../lib/gcc/arm-none-eabi/4.9.3/../../../../arm-none-eabi/lib/armv7-m\libg.a(lib_a-mprec.o)
                0x00008338                __i2b
 .text.__multiply
                0x0000834c      0x140 c:/program files (x86)/cypress/psoc creator/4.0/psoc creator/import/gnu/arm/4.9.3/bin/../lib/gcc/arm-none-eabi/4.9.3/../../../../arm-none-eabi/lib/armv7-m\libg.a(lib_a-mprec.o)
                0x0000834c                __multiply
 .text.__pow5mult
                0x0000848c       0xa0 c:/program files (x86)/cypress/psoc creator/4.0/psoc creator/import/gnu/arm/4.9.3/bin/../lib/gcc/arm-none-eabi/4.9.3/../../../../arm-none-eabi/lib/armv7-m\libg.a(lib_a-mprec.o)
                0x0000848c                __pow5mult
 .text.__lshift
                0x0000852c       0xb0 c:/program files (x86)/cypress/psoc creator/4.0/psoc creator/import/gnu/arm/4.9.3/bin/../lib/gcc/arm-none-eabi/4.9.3/../../../../arm-none-eabi/lib/armv7-m\libg.a(lib_a-mprec.o)
                0x0000852c                __lshift
 .text.__mcmp   0x000085dc       0x48 c:/program files (x86)/cypress/psoc creator/4.0/psoc creator/import/gnu/arm/4.9.3/bin/../lib/gcc/arm-none-eabi/4.9.3/../../../../arm-none-eabi/lib/armv7-m\libg.a(lib_a-mprec.o)
                0x000085dc                __mcmp
 .text.__mdiff  0x00008624       0xe4 c:/program files (x86)/cypress/psoc creator/4.0/psoc creator/import/gnu/arm/4.9.3/bin/../lib/gcc/arm-none-eabi/4.9.3/../../../../arm-none-eabi/lib/armv7-m\libg.a(lib_a-mprec.o)
                0x00008624                __mdiff
 .text.__ulp    0x00008708       0x44 c:/program files (x86)/cypress/psoc creator/4.0/psoc creator/import/gnu/arm/4.9.3/bin/../lib/gcc/arm-none-eabi/4.9.3/../../../../arm-none-eabi/lib/armv7-m\libg.a(lib_a-mprec.o)
                0x00008708                __ulp
 .text.__b2d    0x0000874c       0xd0 c:/program files (x86)/cypress/psoc creator/4.0/psoc creator/import/gnu/arm/4.9.3/bin/../lib/gcc/arm-none-eabi/4.9.3/../../../../arm-none-eabi/lib/armv7-m\libg.a(lib_a-mprec.o)
                0x0000874c                __b2d
 .text.__d2b    0x0000881c       0xa8 c:/program files (x86)/cypress/psoc creator/4.0/psoc creator/import/gnu/arm/4.9.3/bin/../lib/gcc/arm-none-eabi/4.9.3/../../../../arm-none-eabi/lib/armv7-m\libg.a(lib_a-mprec.o)
                0x0000881c                __d2b
 .text.__ratio  0x000088c4       0x58 c:/program files (x86)/cypress/psoc creator/4.0/psoc creator/import/gnu/arm/4.9.3/bin/../lib/gcc/arm-none-eabi/4.9.3/../../../../arm-none-eabi/lib/armv7-m\libg.a(lib_a-mprec.o)
                0x000088c4                __ratio
 .text.__copybits
                0x0000891c       0x48 c:/program files (x86)/cypress/psoc creator/4.0/psoc creator/import/gnu/arm/4.9.3/bin/../lib/gcc/arm-none-eabi/4.9.3/../../../../arm-none-eabi/lib/armv7-m\libg.a(lib_a-mprec.o)
                0x0000891c                __copybits
 .text.__any_on
                0x00008964       0x5c c:/program files (x86)/cypress/psoc creator/4.0/psoc creator/import/gnu/arm/4.9.3/bin/../lib/gcc/arm-none-eabi/4.9.3/../../../../arm-none-eabi/lib/armv7-m\libg.a(lib_a-mprec.o)
                0x00008964                __any_on
 .text._read_r  0x000089c0       0x28 c:/program files (x86)/cypress/psoc creator/4.0/psoc creator/import/gnu/arm/4.9.3/bin/../lib/gcc/arm-none-eabi/4.9.3/../../../../arm-none-eabi/lib/armv7-m\libg.a(lib_a-readr.o)
                0x000089c0                _read_r
 .text.strncmp  0x000089e8       0x94 c:/program files (x86)/cypress/psoc creator/4.0/psoc creator/import/gnu/arm/4.9.3/bin/../lib/gcc/arm-none-eabi/4.9.3/../../../../arm-none-eabi/lib/armv7-m\libg.a(lib_a-strncmp.o)
                0x000089e8                strncmp
 .text.__ssprint_r
                0x00008a7c      0x104 c:/program files (x86)/cypress/psoc creator/4.0/psoc creator/import/gnu/arm/4.9.3/bin/../lib/gcc/arm-none-eabi/4.9.3/../../../../arm-none-eabi/lib/armv7-m\libg.a(lib_a-svfiprintf.o)
                0x00008a7c                __ssprint_r
 .text._calloc_r
                0x00008b80       0x60 c:/program files (x86)/cypress/psoc creator/4.0/psoc creator/import/gnu/arm/4.9.3/bin/../lib/gcc/arm-none-eabi/4.9.3/../../../../arm-none-eabi/lib/armv7-m\libg.a(lib_a-callocr.o)
                0x00008b80                _calloc_r
 .text._fstat_r
                0x00008be0       0x28 c:/program files (x86)/cypress/psoc creator/4.0/psoc creator/import/gnu/arm/4.9.3/bin/../lib/gcc/arm-none-eabi/4.9.3/../../../../arm-none-eabi/lib/armv7-m\libg.a(lib_a-fstatr.o)
                0x00008be0                _fstat_r
 .text._isatty_r
                0x00008c08       0x24 c:/program files (x86)/cypress/psoc creator/4.0/psoc creator/import/gnu/arm/4.9.3/bin/../lib/gcc/arm-none-eabi/4.9.3/../../../../arm-none-eabi/lib/armv7-m\libg.a(lib_a-isattyr.o)
                0x00008c08                _isatty_r
 .text          0x00008c2c       0x50 c:/program files (x86)/cypress/psoc creator/4.0/psoc creator/import/gnu/arm/4.9.3/bin/../lib/gcc/arm-none-eabi/4.9.3/armv7-m\libgcc.a(_arm_fixdfsi.o)
                0x00008c2c                __aeabi_d2iz
                0x00008c2c                __fixdfsi
 .text          0x00008c7c       0x40 c:/program files (x86)/cypress/psoc creator/4.0/psoc creator/import/gnu/arm/4.9.3/bin/../lib/gcc/arm-none-eabi/4.9.3/armv7-m\libgcc.a(_arm_fixunsdfsi.o)
                0x00008c7c                __aeabi_d2uiz
                0x00008c7c                __fixunsdfsi
 .text          0x00008cbc       0xa0 c:/program files (x86)/cypress/psoc creator/4.0/psoc creator/import/gnu/arm/4.9.3/bin/../lib/gcc/arm-none-eabi/4.9.3/armv7-m\libgcc.a(_arm_truncdfsf2.o)
                0x00008cbc                __truncdfsf2
                0x00008cbc                __aeabi_d2f
 .text          0x00008d5c       0x30 c:/program files (x86)/cypress/psoc creator/4.0/psoc creator/import/gnu/arm/4.9.3/bin/../lib/gcc/arm-none-eabi/4.9.3/armv7-m\libgcc.a(_aeabi_uldivmod.o)
                0x00008d5c                __aeabi_uldivmod
 .text          0x00008d8c       0x60 c:/program files (x86)/cypress/psoc creator/4.0/psoc creator/import/gnu/arm/4.9.3/bin/../lib/gcc/arm-none-eabi/4.9.3/armv7-m\libgcc.a(bpabi.o)
                0x00008d8c                __gnu_ldivmod_helper
                0x00008dbc                __gnu_uldivmod_helper
 .text          0x00008dec        0x4 c:/program files (x86)/cypress/psoc creator/4.0/psoc creator/import/gnu/arm/4.9.3/bin/../lib/gcc/arm-none-eabi/4.9.3/armv7-m\libgcc.a(_dvmd_tls.o)
                0x00008dec                __aeabi_idiv0
                0x00008dec                __aeabi_ldiv0
 .text          0x00008df0      0x2ac c:/program files (x86)/cypress/psoc creator/4.0/psoc creator/import/gnu/arm/4.9.3/bin/../lib/gcc/arm-none-eabi/4.9.3/armv7-m\libgcc.a(_divdi3.o)
                0x00008df0                __divdi3
 .text          0x0000909c      0x270 c:/program files (x86)/cypress/psoc creator/4.0/psoc creator/import/gnu/arm/4.9.3/bin/../lib/gcc/arm-none-eabi/4.9.3/armv7-m\libgcc.a(_udivdi3.o)
                0x0000909c                __udivdi3
 .text._close   0x0000930c       0x10 c:/program files (x86)/cypress/psoc creator/4.0/psoc creator/import/gnu/arm/4.9.3/bin/../lib/gcc/arm-none-eabi/4.9.3/../../../../arm-none-eabi/lib/armv7-m\libnosys.a(close.o)
                0x0000930c                _close
 .text._fstat   0x0000931c       0x10 c:/program files (x86)/cypress/psoc creator/4.0/psoc creator/import/gnu/arm/4.9.3/bin/../lib/gcc/arm-none-eabi/4.9.3/../../../../arm-none-eabi/lib/armv7-m\libnosys.a(fstat.o)
                0x0000931c                _fstat
 .text._isatty  0x0000932c       0x10 c:/program files (x86)/cypress/psoc creator/4.0/psoc creator/import/gnu/arm/4.9.3/bin/../lib/gcc/arm-none-eabi/4.9.3/../../../../arm-none-eabi/lib/armv7-m\libnosys.a(isatty.o)
                0x0000932c                _isatty
 .text._lseek   0x0000933c       0x10 c:/program files (x86)/cypress/psoc creator/4.0/psoc creator/import/gnu/arm/4.9.3/bin/../lib/gcc/arm-none-eabi/4.9.3/../../../../arm-none-eabi/lib/armv7-m\libnosys.a(lseek.o)
                0x0000933c                _lseek
 *(.plt)
 *(.gnu.warning)
 *(.glue_7t)
 .glue_7t       0x00000000        0x0 linker stubs
 *(.glue_7)
 .glue_7        0x00000000        0x0 linker stubs
 *(.vfp11_veneer)
 .vfp11_veneer  0x00000000        0x0 linker stubs
 *(.bootloader)
 *(.ARM.extab* .gnu.linkonce.armextab.*)
 *(.gcc_except_table)

.v4_bx          0x0000934c        0x0
 .v4_bx         0x00000000        0x0 linker stubs

.iplt           0x0000934c        0x0
 .iplt          0x00000000        0x0 c:/program files (x86)/cypress/psoc creator/4.0/psoc creator/import/gnu/arm/4.9.3/bin/../lib/gcc/arm-none-eabi/4.9.3/armv7-m/crtbegin.o

.eh_frame_hdr
 *(.eh_frame_hdr)

.eh_frame       0x0000934c        0x4
 *(.eh_frame)
 .eh_frame      0x0000934c        0x0 c:/program files (x86)/cypress/psoc creator/4.0/psoc creator/import/gnu/arm/4.9.3/bin/../lib/gcc/arm-none-eabi/4.9.3/armv7-m/crtbegin.o
 .eh_frame      0x0000934c        0x0 c:/program files (x86)/cypress/psoc creator/4.0/psoc creator/import/gnu/arm/4.9.3/bin/../lib/gcc/arm-none-eabi/4.9.3/../../../../arm-none-eabi/lib/armv7-m\libg.a(lib_a-strcmp.o)
                                 0x38 (size before relaxing)
 .eh_frame      0x0000934c        0x4 c:/program files (x86)/cypress/psoc creator/4.0/psoc creator/import/gnu/arm/4.9.3/bin/../lib/gcc/arm-none-eabi/4.9.3/armv7-m/crtend.o
                0x00009350                PROVIDE (__exidx_start, .)

.ARM.exidx      0x00009350        0x8
 *(.ARM.exidx* .gnu.linkonce.armexidx.*)
 .ARM.exidx     0x00009350        0x8 c:/program files (x86)/cypress/psoc creator/4.0/psoc creator/import/gnu/arm/4.9.3/bin/../lib/gcc/arm-none-eabi/4.9.3/armv7-m\libgcc.a(_divdi3.o)
 .ARM.exidx     0x00009358        0x0 c:/program files (x86)/cypress/psoc creator/4.0/psoc creator/import/gnu/arm/4.9.3/bin/../lib/gcc/arm-none-eabi/4.9.3/armv7-m\libgcc.a(_udivdi3.o)
                                  0x8 (size before relaxing)
                0x00009358                __exidx_end = .

.rodata         0x00009358      0x4a0
 *(.rodata .rodata.* .gnu.linkonce.r.*)
 .rodata.str1.4
                0x00009358       0x13 .\CortexM3\ARM_GCC_493\Debug\main.o
                                 0x14 (size before relaxing)
 *fill*         0x0000936b        0x1 
 .rodata        0x0000936c       0x3c .\CortexM3\ARM_GCC_493\Debug\ZumoBot.a(cyfitter_cfg.o)
 .rodata.str1.4
                0x000093a8        0x2 c:/program files (x86)/cypress/psoc creator/4.0/psoc creator/import/gnu/arm/4.9.3/bin/../lib/gcc/arm-none-eabi/4.9.3/../../../../arm-none-eabi/lib/armv7-m\libg.a(lib_a-impure.o)
                                  0x4 (size before relaxing)
 *fill*         0x000093aa        0x2 
 .rodata._global_impure_ptr
                0x000093ac        0x4 c:/program files (x86)/cypress/psoc creator/4.0/psoc creator/import/gnu/arm/4.9.3/bin/../lib/gcc/arm-none-eabi/4.9.3/../../../../arm-none-eabi/lib/armv7-m\libg.a(lib_a-impure.o)
                0x000093ac                _global_impure_ptr
 .rodata.str1.4
                0x000093b0        0x2 c:/program files (x86)/cypress/psoc creator/4.0/psoc creator/import/gnu/arm/4.9.3/bin/../lib/gcc/arm-none-eabi/4.9.3/../../../../arm-none-eabi/lib/armv7-m\libg.a(lib_a-puts.o)
                                  0x4 (size before relaxing)
 *fill*         0x000093b2        0x2 
 .rodata.basefix.6886
                0x000093b4       0x24 c:/program files (x86)/cypress/psoc creator/4.0/psoc creator/import/gnu/arm/4.9.3/bin/../lib/gcc/arm-none-eabi/4.9.3/../../../../arm-none-eabi/lib/armv7-m\libg.a(lib_a-vfscanf.o)
 .rodata.str1.4
                0x000093d8        0x5 c:/program files (x86)/cypress/psoc creator/4.0/psoc creator/import/gnu/arm/4.9.3/bin/../lib/gcc/arm-none-eabi/4.9.3/../../../../arm-none-eabi/lib/armv7-m\libg.a(lib_a-vfscanf.o)
                                  0x8 (size before relaxing)
 *fill*         0x000093dd        0x3 
 .rodata._ctype_
                0x000093e0      0x104 c:/program files (x86)/cypress/psoc creator/4.0/psoc creator/import/gnu/arm/4.9.3/bin/../lib/gcc/arm-none-eabi/4.9.3/../../../../arm-none-eabi/lib/armv7-m\libg.a(lib_a-ctype_.o)
                0x000093e0                _ctype_
 .rodata.str1.4
                0x000094e4        0xa c:/program files (x86)/cypress/psoc creator/4.0/psoc creator/import/gnu/arm/4.9.3/bin/../lib/gcc/arm-none-eabi/4.9.3/../../../../arm-none-eabi/lib/armv7-m\libg.a(lib_a-locale.o)
                                 0x14 (size before relaxing)
 .rodata.str1.4
                0x00000000        0x4 c:/program files (x86)/cypress/psoc creator/4.0/psoc creator/import/gnu/arm/4.9.3/bin/../lib/gcc/arm-none-eabi/4.9.3/../../../../arm-none-eabi/lib/armv7-m\libg.a(lib_a-mbrtowc.o)
 *fill*         0x000094ee        0x2 
 .rodata.fpinan.5301
                0x000094f0       0x14 c:/program files (x86)/cypress/psoc creator/4.0/psoc creator/import/gnu/arm/4.9.3/bin/../lib/gcc/arm-none-eabi/4.9.3/../../../../arm-none-eabi/lib/armv7-m\libg.a(lib_a-strtod.o)
 .rodata.str1.4
                0x00009504        0xf c:/program files (x86)/cypress/psoc creator/4.0/psoc creator/import/gnu/arm/4.9.3/bin/../lib/gcc/arm-none-eabi/4.9.3/../../../../arm-none-eabi/lib/armv7-m\libg.a(lib_a-strtod.o)
                                 0x10 (size before relaxing)
 *fill*         0x00009513        0x1 
 .rodata.fpi.5265
                0x00009514       0x14 c:/program files (x86)/cypress/psoc creator/4.0/psoc creator/import/gnu/arm/4.9.3/bin/../lib/gcc/arm-none-eabi/4.9.3/../../../../arm-none-eabi/lib/armv7-m\libg.a(lib_a-strtod.o)
 .rodata.tinytens
                0x00009528       0x28 c:/program files (x86)/cypress/psoc creator/4.0/psoc creator/import/gnu/arm/4.9.3/bin/../lib/gcc/arm-none-eabi/4.9.3/../../../../arm-none-eabi/lib/armv7-m\libg.a(lib_a-strtod.o)
 .rodata.zeroes.6916
                0x00009550       0x10 c:/program files (x86)/cypress/psoc creator/4.0/psoc creator/import/gnu/arm/4.9.3/bin/../lib/gcc/arm-none-eabi/4.9.3/../../../../arm-none-eabi/lib/armv7-m\libg.a(lib_a-svfprintf.o)
 .rodata.str1.4
                0x00009560       0x42 c:/program files (x86)/cypress/psoc creator/4.0/psoc creator/import/gnu/arm/4.9.3/bin/../lib/gcc/arm-none-eabi/4.9.3/../../../../arm-none-eabi/lib/armv7-m\libg.a(lib_a-svfprintf.o)
                                 0x44 (size before relaxing)
 *fill*         0x000095a2        0x2 
 .rodata.blanks.6915
                0x000095a4       0x10 c:/program files (x86)/cypress/psoc creator/4.0/psoc creator/import/gnu/arm/4.9.3/bin/../lib/gcc/arm-none-eabi/4.9.3/../../../../arm-none-eabi/lib/armv7-m\libg.a(lib_a-svfprintf.o)
 .rodata.str1.4
                0x000095b4       0x10 c:/program files (x86)/cypress/psoc creator/4.0/psoc creator/import/gnu/arm/4.9.3/bin/../lib/gcc/arm-none-eabi/4.9.3/../../../../arm-none-eabi/lib/armv7-m\libg.a(lib_a-dtoa.o)
                                 0x14 (size before relaxing)
 .rodata.__hexdig
                0x000095c4      0x100 c:/program files (x86)/cypress/psoc creator/4.0/psoc creator/import/gnu/arm/4.9.3/bin/../lib/gcc/arm-none-eabi/4.9.3/../../../../arm-none-eabi/lib/armv7-m\libg.a(lib_a-gdtoa-gethex.o)
                0x000095c4                __hexdig
 .rodata.p05.5296
                0x000096c4        0xc c:/program files (x86)/cypress/psoc creator/4.0/psoc creator/import/gnu/arm/4.9.3/bin/../lib/gcc/arm-none-eabi/4.9.3/../../../../arm-none-eabi/lib/armv7-m\libg.a(lib_a-mprec.o)
 .rodata.__mprec_tens
                0x000096d0       0xc8 c:/program files (x86)/cypress/psoc creator/4.0/psoc creator/import/gnu/arm/4.9.3/bin/../lib/gcc/arm-none-eabi/4.9.3/../../../../arm-none-eabi/lib/armv7-m\libg.a(lib_a-mprec.o)
                0x000096d0                __mprec_tens
 .rodata.__mprec_bigtens
                0x00009798       0x28 c:/program files (x86)/cypress/psoc creator/4.0/psoc creator/import/gnu/arm/4.9.3/bin/../lib/gcc/arm-none-eabi/4.9.3/../../../../arm-none-eabi/lib/armv7-m\libg.a(lib_a-mprec.o)
                0x00009798                __mprec_bigtens
                0x000097c0                . = ALIGN (0x4)
 *(.init)
 .init          0x000097c0        0x4 c:/program files (x86)/cypress/psoc creator/4.0/psoc creator/import/gnu/arm/4.9.3/bin/../lib/gcc/arm-none-eabi/4.9.3/armv7-m/crti.o
                0x000097c0                _init
 .init          0x000097c4        0x8 c:/program files (x86)/cypress/psoc creator/4.0/psoc creator/import/gnu/arm/4.9.3/bin/../lib/gcc/arm-none-eabi/4.9.3/armv7-m/crtn.o
                0x000097cc                . = ALIGN (0x4)
                0x000097cc                __preinit_array_start = .
 *(.preinit_array)
                0x000097cc                __preinit_array_end = .
                0x000097cc                . = ALIGN (0x4)
                0x000097cc                __init_array_start = .
 *(SORT(.init_array.*))
 .init_array.00000
                0x000097cc        0x4 c:/program files (x86)/cypress/psoc creator/4.0/psoc creator/import/gnu/arm/4.9.3/bin/../lib/gcc/arm-none-eabi/4.9.3/../../../../arm-none-eabi/lib/armv7-m\libg.a(lib_a-__call_atexit.o)
 *(.init_array)
 .init_array    0x000097d0        0x4 c:/program files (x86)/cypress/psoc creator/4.0/psoc creator/import/gnu/arm/4.9.3/bin/../lib/gcc/arm-none-eabi/4.9.3/armv7-m/crtbegin.o
 .init_array    0x000097d4        0x4 .\CortexM3\ARM_GCC_493\Debug\Cm3Start.o
                0x000097d8                __init_array_end = .
                0x000097d8                . = ALIGN (0x4)
 *(.fini)
 .fini          0x000097d8        0x4 c:/program files (x86)/cypress/psoc creator/4.0/psoc creator/import/gnu/arm/4.9.3/bin/../lib/gcc/arm-none-eabi/4.9.3/armv7-m/crti.o
                0x000097d8                _fini
 .fini          0x000097dc        0x8 c:/program files (x86)/cypress/psoc creator/4.0/psoc creator/import/gnu/arm/4.9.3/bin/../lib/gcc/arm-none-eabi/4.9.3/armv7-m/crtn.o
                0x000097e4                . = ALIGN (0x4)
                0x000097e4                __fini_array_start = .
 *(.fini_array)
 .fini_array    0x000097e4        0x4 c:/program files (x86)/cypress/psoc creator/4.0/psoc creator/import/gnu/arm/4.9.3/bin/../lib/gcc/arm-none-eabi/4.9.3/armv7-m/crtbegin.o
 *(SORT(.fini_array.*))
                0x000097e8                __fini_array_end = .
                0x000097e8                . = ALIGN (0x4)
 *crtbegin.o(.ctors)
 *(EXCLUDE_FILE(*crtend.o) .ctors)
 *(SORT(.ctors.*))
 *crtend.o(.ctors)
                0x000097e8                . = ALIGN (0x4)
 *crtbegin.o(.dtors)
 *(EXCLUDE_FILE(*crtend.o) .dtors)
 *(SORT(.dtors.*))
 *crtend.o(.dtors)
                0x000097e8                . = ALIGN (0x4)
                0x000097e8                __cy_regions = .
                0x000097e8        0x4 LONG 0x97f8 __cy_region_init_ram
                0x000097ec        0x4 LONG 0x1fff8108 __cy_region_start_data
                0x000097f0        0x4 LONG 0x8b8 __cy_region_init_size_ram
                0x000097f4        0x4 LONG 0x58 __cy_region_zero_size_ram
                0x000097f8                __cy_regions_end = .
                0x000097f8                . = ALIGN (0x8)
                0x000097f8                _etext = .

.cy_checksum_exclude
                0x000097f8        0x0
 *(.cy_checksum_exclude)

.ramvectors     0x1fff8000      0x100
                0x1fff8000                __cy_region_start_ram = .
 *(.ramvectors)
 .ramvectors    0x1fff8000      0x100 .\CortexM3\ARM_GCC_493\Debug\Cm3Start.o
                0x1fff8000                CyRamVectors

.noinit         0x1fff8100        0x5
 *(.noinit)
 .noinit        0x1fff8100        0x4 .\CortexM3\ARM_GCC_493\Debug\Cm3Start.o
 .noinit        0x1fff8104        0x1 .\CortexM3\ARM_GCC_493\Debug\ZumoBot.a(CyLib.o)
                0x1fff8104                CyResetStatus

.data           0x1fff8108      0x8b8 load address 0x000097f8
                0x1fff8108                __cy_region_start_data = .
 *(.jcr)
 .jcr           0x1fff8108        0x0 c:/program files (x86)/cypress/psoc creator/4.0/psoc creator/import/gnu/arm/4.9.3/bin/../lib/gcc/arm-none-eabi/4.9.3/armv7-m/crtbegin.o
 .jcr           0x1fff8108        0x4 c:/program files (x86)/cypress/psoc creator/4.0/psoc creator/import/gnu/arm/4.9.3/bin/../lib/gcc/arm-none-eabi/4.9.3/armv7-m/crtend.o
 *(.got.plt)
 *(.got)
 *(.shdata)
 *(.data .data.* .gnu.linkonce.d.*)
 .data          0x1fff810c        0x4 .\CortexM3\ARM_GCC_493\Debug\Cm3Start.o
 .data          0x1fff8110       0x10 .\CortexM3\ARM_GCC_493\Debug\ZumoBot.a(CyLib.o)
                0x1fff8110                cydelay_32k_ms
                0x1fff8114                cydelay_freq_khz
                0x1fff8118                cydelay_freq_mhz
                0x1fff811c                cydelay_freq_hz
 .data.impure_data
                0x1fff8120      0x428 c:/program files (x86)/cypress/psoc creator/4.0/psoc creator/import/gnu/arm/4.9.3/bin/../lib/gcc/arm-none-eabi/4.9.3/../../../../arm-none-eabi/lib/armv7-m\libg.a(lib_a-impure.o)
 .data._impure_ptr
                0x1fff8548        0x4 c:/program files (x86)/cypress/psoc creator/4.0/psoc creator/import/gnu/arm/4.9.3/bin/../lib/gcc/arm-none-eabi/4.9.3/../../../../arm-none-eabi/lib/armv7-m\libg.a(lib_a-impure.o)
                0x1fff8548                _impure_ptr
 .data.__ctype_ptr__
                0x1fff854c        0x4 c:/program files (x86)/cypress/psoc creator/4.0/psoc creator/import/gnu/arm/4.9.3/bin/../lib/gcc/arm-none-eabi/4.9.3/../../../../arm-none-eabi/lib/armv7-m\libg.a(lib_a-ctype_.o)
                0x1fff854c                __ctype_ptr__
 .data.lconv    0x1fff8550       0x38 c:/program files (x86)/cypress/psoc creator/4.0/psoc creator/import/gnu/arm/4.9.3/bin/../lib/gcc/arm-none-eabi/4.9.3/../../../../arm-none-eabi/lib/armv7-m\libg.a(lib_a-locale.o)
 .data.lc_ctype_charset
                0x1fff8588       0x20 c:/program files (x86)/cypress/psoc creator/4.0/psoc creator/import/gnu/arm/4.9.3/bin/../lib/gcc/arm-none-eabi/4.9.3/../../../../arm-none-eabi/lib/armv7-m\libg.a(lib_a-locale.o)
 .data.__mb_cur_max
                0x1fff85a8        0x4 c:/program files (x86)/cypress/psoc creator/4.0/psoc creator/import/gnu/arm/4.9.3/bin/../lib/gcc/arm-none-eabi/4.9.3/../../../../arm-none-eabi/lib/armv7-m\libg.a(lib_a-locale.o)
                0x1fff85a8                __mb_cur_max
 .data.__malloc_av_
                0x1fff85ac      0x408 c:/program files (x86)/cypress/psoc creator/4.0/psoc creator/import/gnu/arm/4.9.3/bin/../lib/gcc/arm-none-eabi/4.9.3/../../../../arm-none-eabi/lib/armv7-m\libg.a(lib_a-mallocr.o)
                0x1fff85ac                __malloc_av_
 .data.__malloc_trim_threshold
                0x1fff89b4        0x4 c:/program files (x86)/cypress/psoc creator/4.0/psoc creator/import/gnu/arm/4.9.3/bin/../lib/gcc/arm-none-eabi/4.9.3/../../../../arm-none-eabi/lib/armv7-m\libg.a(lib_a-mallocr.o)
                0x1fff89b4                __malloc_trim_threshold
 .data.__malloc_sbrk_base
                0x1fff89b8        0x4 c:/program files (x86)/cypress/psoc creator/4.0/psoc creator/import/gnu/arm/4.9.3/bin/../lib/gcc/arm-none-eabi/4.9.3/../../../../arm-none-eabi/lib/armv7-m\libg.a(lib_a-mallocr.o)
                0x1fff89b8                __malloc_sbrk_base
 .data.__mbtowc
                0x1fff89bc        0x4 c:/program files (x86)/cypress/psoc creator/4.0/psoc creator/import/gnu/arm/4.9.3/bin/../lib/gcc/arm-none-eabi/4.9.3/../../../../arm-none-eabi/lib/armv7-m\libg.a(lib_a-mbtowc_r.o)
                0x1fff89bc                __mbtowc
                0x1fff89c0                . = ALIGN (0x8)
 *(.ram)
                0x1fff89c0                _edata = .

.igot.plt       0x1fff89c0        0x0 load address 0x0000a0b0
 .igot.plt      0x00000000        0x0 c:/program files (x86)/cypress/psoc creator/4.0/psoc creator/import/gnu/arm/4.9.3/bin/../lib/gcc/arm-none-eabi/4.9.3/armv7-m/crtbegin.o

.bss            0x1fff89c0       0x58 load address 0x0000a0b0
                0x1fff89c0                PROVIDE (__bss_start__, .)
 *(.shbss)
 *(.bss .bss.* .gnu.linkonce.b.*)
 .bss           0x1fff89c0       0x1c c:/program files (x86)/cypress/psoc creator/4.0/psoc creator/import/gnu/arm/4.9.3/bin/../lib/gcc/arm-none-eabi/4.9.3/armv7-m/crtbegin.o
 .bss           0x1fff89dc        0x1 .\CortexM3\ARM_GCC_493\Debug\ZumoBot.a(PWM.o)
                0x1fff89dc                PWM_initVar
 .bss           0x1fff89dd        0x2 .\CortexM3\ARM_GCC_493\Debug\ZumoBot.a(UART_1.o)
                0x1fff89dd                UART_1_initVar
 *fill*         0x1fff89df        0x1 
 .bss.__malloc_max_total_mem
                0x1fff89e0        0x4 c:/program files (x86)/cypress/psoc creator/4.0/psoc creator/import/gnu/arm/4.9.3/bin/../lib/gcc/arm-none-eabi/4.9.3/../../../../arm-none-eabi/lib/armv7-m\libg.a(lib_a-mallocr.o)
                0x1fff89e0                __malloc_max_total_mem
 .bss.__malloc_max_sbrked_mem
                0x1fff89e4        0x4 c:/program files (x86)/cypress/psoc creator/4.0/psoc creator/import/gnu/arm/4.9.3/bin/../lib/gcc/arm-none-eabi/4.9.3/../../../../arm-none-eabi/lib/armv7-m\libg.a(lib_a-mallocr.o)
                0x1fff89e4                __malloc_max_sbrked_mem
 .bss.__malloc_top_pad
                0x1fff89e8        0x4 c:/program files (x86)/cypress/psoc creator/4.0/psoc creator/import/gnu/arm/4.9.3/bin/../lib/gcc/arm-none-eabi/4.9.3/../../../../arm-none-eabi/lib/armv7-m\libg.a(lib_a-mallocr.o)
                0x1fff89e8                __malloc_top_pad
 .bss.__malloc_current_mallinfo
                0x1fff89ec       0x28 c:/program files (x86)/cypress/psoc creator/4.0/psoc creator/import/gnu/arm/4.9.3/bin/../lib/gcc/arm-none-eabi/4.9.3/../../../../arm-none-eabi/lib/armv7-m\libg.a(lib_a-mallocr.o)
                0x1fff89ec                __malloc_current_mallinfo
 *(COMMON)
 COMMON         0x1fff8a14        0x4 c:/program files (x86)/cypress/psoc creator/4.0/psoc creator/import/gnu/arm/4.9.3/bin/../lib/gcc/arm-none-eabi/4.9.3/../../../../arm-none-eabi/lib/armv7-m\libg.a(lib_a-reent.o)
                0x1fff8a14                errno
                0x1fff8a18                . = ALIGN (0x8)
 *(.ram.b)
                0x1fff8a18                _end = .
                0x1fff8a18                __end = .
                0x1fff8a18                PROVIDE (end, .)
                0x1fff8a18                PROVIDE (__bss_end__, .)
                0x000097f8                __cy_region_init_ram = LOADADDR (.data)
                0x000008b8                __cy_region_init_size_ram = (_edata - ADDR (.data))
                0x00000058                __cy_region_zero_size_ram = (_end - _edata)

.heap           0x1fff8a18      0x800 load address 0x0000a0b0
                0x1fff8a18                . = _end
                0x1fff9218                . = (. + 0x800)
 *fill*         0x1fff8a18      0x800 
                0x1fff9218                __cy_heap_limit = .

.stack          0x20007800      0x800
                0x20007800                __cy_stack_limit = .
                0x20008000                . = (. + 0x800)
 *fill*         0x20007800      0x800 
                0x00000001                ASSERT ((__cy_stack_limit >= __cy_heap_limit), region RAM overflowed with stack)
                0x00000000                cy_checksum_exclude_size = (CY_APPL_LOADABLE == 0x1)?SIZEOF (.cy_checksum_exclude):0x0
                0x00000001                ASSERT ((cy_checksum_exclude_size <= CY_CHECKSUM_EXCLUDE_SIZE), CY_BOOT: Section .cy_checksum_exclude size exceedes specified limit.)

.cyloadermeta
 *(.cyloadermeta)

.cyloadablemeta
 *(.cyloadablemeta)

.cyconfigecc    0x80000000      0x8b4
 *(.cyconfigecc)
 .cyconfigecc   0x80000000      0x8b4 .\CortexM3\ARM_GCC_493\Debug\cymetadata.o
                0x80000000                cy_meta_configecc

.cycustnvl      0x90000000        0x4
 *(.cycustnvl)
 .cycustnvl     0x90000000        0x4 .\CortexM3\ARM_GCC_493\Debug\cymetadata.o
                0x90000000                cy_meta_custnvl

.cywolatch      0x90100000        0x4
 *(.cywolatch)
 .cywolatch     0x90100000        0x4 .\CortexM3\ARM_GCC_493\Debug\cymetadata.o
                0x90100000                cy_meta_wonvl

.cyeeprom       0x90200000        0x0
 *(.cyeeprom)
                0x00000001                ASSERT ((. <= ((0x90200000 + ee_offset) + ee_size)), .cyeeprom data will not fit in EEPROM)

.cyflashprotect
                0x90400000      0x100
 *(.cyflashprotect)
 .cyflashprotect
                0x90400000      0x100 .\CortexM3\ARM_GCC_493\Debug\cymetadata.o
                0x90400000                cy_meta_flashprotect

.cymeta         0x90500000        0xc
 *(.cymeta)
 .cymeta        0x90500000        0xc .\CortexM3\ARM_GCC_493\Debug\cymetadata.o
                0x90500000                cy_metadata

.rel.dyn        0x0000a0b0        0x0 load address 0x9050000c
 .rel.iplt      0x00000000        0x0 c:/program files (x86)/cypress/psoc creator/4.0/psoc creator/import/gnu/arm/4.9.3/bin/../lib/gcc/arm-none-eabi/4.9.3/armv7-m/crtbegin.o

.stab           0x00000000       0x6c
 *(.stab)
 .stab          0x00000000       0x24 c:/program files (x86)/cypress/psoc creator/4.0/psoc creator/import/gnu/arm/4.9.3/bin/../lib/gcc/arm-none-eabi/4.9.3/../../../../arm-none-eabi/lib/armv7-m\libnosys.a(close.o)
 .stab          0x00000024       0x18 c:/program files (x86)/cypress/psoc creator/4.0/psoc creator/import/gnu/arm/4.9.3/bin/../lib/gcc/arm-none-eabi/4.9.3/../../../../arm-none-eabi/lib/armv7-m\libnosys.a(fstat.o)
                                 0x24 (size before relaxing)
 .stab          0x0000003c       0x18 c:/program files (x86)/cypress/psoc creator/4.0/psoc creator/import/gnu/arm/4.9.3/bin/../lib/gcc/arm-none-eabi/4.9.3/../../../../arm-none-eabi/lib/armv7-m\libnosys.a(isatty.o)
                                 0x24 (size before relaxing)
 .stab          0x00000054       0x18 c:/program files (x86)/cypress/psoc creator/4.0/psoc creator/import/gnu/arm/4.9.3/bin/../lib/gcc/arm-none-eabi/4.9.3/../../../../arm-none-eabi/lib/armv7-m\libnosys.a(lseek.o)
                                 0x24 (size before relaxing)

.stabstr        0x00000000       0xe3
 *(.stabstr)
 .stabstr       0x00000000       0xe3 c:/program files (x86)/cypress/psoc creator/4.0/psoc creator/import/gnu/arm/4.9.3/bin/../lib/gcc/arm-none-eabi/4.9.3/../../../../arm-none-eabi/lib/armv7-m\libnosys.a(close.o)

.debug
 *(.debug)

.line
 *(.line)

.debug_srcinfo
 *(.debug_srcinfo)

.debug_sfnames
 *(.debug_sfnames)

.debug_aranges  0x00000000     0x1078
 *(.debug_aranges)
 .debug_aranges
                0x00000000       0x40 .\CortexM3\ARM_GCC_493\Debug\main.o
 .debug_aranges
                0x00000040       0x20 .\CortexM3\ARM_GCC_493\Debug\Accel.o
 .debug_aranges
                0x00000060       0x20 .\CortexM3\ARM_GCC_493\Debug\Ambient.o
 .debug_aranges
                0x00000080       0x20 .\CortexM3\ARM_GCC_493\Debug\Gyro.o
 .debug_aranges
                0x000000a0       0x30 .\CortexM3\ARM_GCC_493\Debug\I2C_made.o
 .debug_aranges
                0x000000d0       0x40 .\CortexM3\ARM_GCC_493\Debug\IR.o
 .debug_aranges
                0x00000110       0x20 .\CortexM3\ARM_GCC_493\Debug\Magnet.o
 .debug_aranges
                0x00000130       0x40 .\CortexM3\ARM_GCC_493\Debug\Motor.o
 .debug_aranges
                0x00000170       0x30 .\CortexM3\ARM_GCC_493\Debug\Nunchuk.o
 .debug_aranges
                0x000001a0       0x40 .\CortexM3\ARM_GCC_493\Debug\Reflectance.o
 .debug_aranges
                0x000001e0       0x38 .\CortexM3\ARM_GCC_493\Debug\Ultra.o
 .debug_aranges
                0x00000218       0x20 .\CortexM3\ARM_GCC_493\Debug\Beep.o
 .debug_aranges
                0x00000238       0x18 .\CortexM3\ARM_GCC_493\Debug\cymetadata.o
 .debug_aranges
                0x00000250       0x48 .\CortexM3\ARM_GCC_493\Debug\Cm3Start.o
 .debug_aranges
                0x00000298       0x58 .\CortexM3\ARM_GCC_493\Debug\ZumoBot.a(cyfitter_cfg.o)
 .debug_aranges
                0x000002f0       0xa8 .\CortexM3\ARM_GCC_493\Debug\ZumoBot.a(PWM.o)
 .debug_aranges
                0x00000398       0x38 .\CortexM3\ARM_GCC_493\Debug\ZumoBot.a(I2C.o)
 .debug_aranges
                0x000003d0       0x20 .\CortexM3\ARM_GCC_493\Debug\ZumoBot.a(I2C_INT.o)
 .debug_aranges
                0x000003f0       0x38 .\CortexM3\ARM_GCC_493\Debug\ZumoBot.a(I2C_PM.o)
 .debug_aranges
                0x00000428       0x80 .\CortexM3\ARM_GCC_493\Debug\ZumoBot.a(I2C_MASTER.o)
 .debug_aranges
                0x000004a8      0x2a0 .\CortexM3\ARM_GCC_493\Debug\ZumoBot.a(CyLib.o)
 .debug_aranges
                0x00000748       0x98 .\CortexM3\ARM_GCC_493\Debug\ZumoBot.a(cyPm.o)
 .debug_aranges
                0x000007e0       0x38 .\CortexM3\ARM_GCC_493\Debug\ZumoBot.a(MotorDirLeft.o)
 .debug_aranges
                0x00000818       0x38 .\CortexM3\ARM_GCC_493\Debug\ZumoBot.a(MotorDirRight.o)
 .debug_aranges
                0x00000850       0x80 .\CortexM3\ARM_GCC_493\Debug\ZumoBot.a(sensor_isr.o)
 .debug_aranges
                0x000008d0       0xf0 .\CortexM3\ARM_GCC_493\Debug\ZumoBot.a(UART_1.o)
 .debug_aranges
                0x000009c0       0x38 .\CortexM3\ARM_GCC_493\Debug\ZumoBot.a(IR_receiver.o)
 .debug_aranges
                0x000009f8       0x38 .\CortexM3\ARM_GCC_493\Debug\ZumoBot.a(Trig.o)
 .debug_aranges
                0x00000a30       0x88 .\CortexM3\ARM_GCC_493\Debug\ZumoBot.a(Timer.o)
 .debug_aranges
                0x00000ab8       0x38 .\CortexM3\ARM_GCC_493\Debug\ZumoBot.a(Echo.o)
 .debug_aranges
                0x00000af0       0x80 .\CortexM3\ARM_GCC_493\Debug\ZumoBot.a(ultra_isr.o)
 .debug_aranges
                0x00000b70       0x70 .\CortexM3\ARM_GCC_493\Debug\ZumoBot.a(UART_1_IntClock.o)
 .debug_aranges
                0x00000be0       0x80 .\CortexM3\ARM_GCC_493\Debug\ZumoBot.a(Buzzer_PWM.o)
 .debug_aranges
                0x00000c60       0x38 .\CortexM3\ARM_GCC_493\Debug\ZumoBot.a(L3.o)
 .debug_aranges
                0x00000c98       0x88 .\CortexM3\ARM_GCC_493\Debug\ZumoBot.a(Timer_L3.o)
 .debug_aranges
                0x00000d20       0x88 .\CortexM3\ARM_GCC_493\Debug\ZumoBot.a(Timer_R3.o)
 .debug_aranges
                0x00000da8       0x88 .\CortexM3\ARM_GCC_493\Debug\ZumoBot.a(Timer_R1.o)
 .debug_aranges
                0x00000e30       0x38 .\CortexM3\ARM_GCC_493\Debug\ZumoBot.a(R1.o)
 .debug_aranges
                0x00000e68       0x38 .\CortexM3\ARM_GCC_493\Debug\ZumoBot.a(R3.o)
 .debug_aranges
                0x00000ea0       0x88 .\CortexM3\ARM_GCC_493\Debug\ZumoBot.a(Timer_L1.o)
 .debug_aranges
                0x00000f28       0x38 .\CortexM3\ARM_GCC_493\Debug\ZumoBot.a(L1.o)
 .debug_aranges
                0x00000f60       0x20 .\CortexM3\ARM_GCC_493\Debug\ZumoBot.a(CyBootAsmGnu.o)
 .debug_aranges
                0x00000f80       0x80 .\CortexM3\ARM_GCC_493\Debug\ZumoBot.a(CyFlash.o)
 .debug_aranges
                0x00001000       0x78 .\CortexM3\ARM_GCC_493\Debug\ZumoBot.a(CySpc.o)

.debug_pubnames
 *(.debug_pubnames)

.debug_info     0x00000000     0x8df6
 *(.debug_info .gnu.linkonce.wi.*)
 .debug_info    0x00000000      0x5e7 .\CortexM3\ARM_GCC_493\Debug\main.o
 .debug_info    0x000005e7      0x143 .\CortexM3\ARM_GCC_493\Debug\Accel.o
 .debug_info    0x0000072a      0x119 .\CortexM3\ARM_GCC_493\Debug\Ambient.o
 .debug_info    0x00000843      0x103 .\CortexM3\ARM_GCC_493\Debug\Gyro.o
 .debug_info    0x00000946      0x322 .\CortexM3\ARM_GCC_493\Debug\I2C_made.o
 .debug_info    0x00000c68      0x205 .\CortexM3\ARM_GCC_493\Debug\IR.o
 .debug_info    0x00000e6d      0x162 .\CortexM3\ARM_GCC_493\Debug\Magnet.o
 .debug_info    0x00000fcf      0x2f8 .\CortexM3\ARM_GCC_493\Debug\Motor.o
 .debug_info    0x000012c7      0x311 .\CortexM3\ARM_GCC_493\Debug\Nunchuk.o
 .debug_info    0x000015d8      0x5a3 .\CortexM3\ARM_GCC_493\Debug\Reflectance.o
 .debug_info    0x00001b7b      0x6c4 .\CortexM3\ARM_GCC_493\Debug\Ultra.o
 .debug_info    0x0000223f      0x197 .\CortexM3\ARM_GCC_493\Debug\Beep.o
 .debug_info    0x000023d6      0x13f .\CortexM3\ARM_GCC_493\Debug\cymetadata.o
 .debug_info    0x00002515      0x3b3 .\CortexM3\ARM_GCC_493\Debug\Cm3Start.o
 .debug_info    0x000028c8      0x64d .\CortexM3\ARM_GCC_493\Debug\ZumoBot.a(cyfitter_cfg.o)
 .debug_info    0x00002f15      0x37e .\CortexM3\ARM_GCC_493\Debug\ZumoBot.a(PWM.o)
 .debug_info    0x00003293      0x2db .\CortexM3\ARM_GCC_493\Debug\ZumoBot.a(I2C.o)
 .debug_info    0x0000356e      0x17f .\CortexM3\ARM_GCC_493\Debug\ZumoBot.a(I2C_INT.o)
 .debug_info    0x000036ed      0x1fe .\CortexM3\ARM_GCC_493\Debug\ZumoBot.a(I2C_PM.o)
 .debug_info    0x000038eb      0x400 .\CortexM3\ARM_GCC_493\Debug\ZumoBot.a(I2C_MASTER.o)
 .debug_info    0x00003ceb     0x1385 .\CortexM3\ARM_GCC_493\Debug\ZumoBot.a(CyLib.o)
 .debug_info    0x00005070      0xa57 .\CortexM3\ARM_GCC_493\Debug\ZumoBot.a(cyPm.o)
 .debug_info    0x00005ac7      0x121 .\CortexM3\ARM_GCC_493\Debug\ZumoBot.a(MotorDirLeft.o)
 .debug_info    0x00005be8      0x11f .\CortexM3\ARM_GCC_493\Debug\ZumoBot.a(MotorDirRight.o)
 .debug_info    0x00005d07      0x2cb .\CortexM3\ARM_GCC_493\Debug\ZumoBot.a(sensor_isr.o)
 .debug_info    0x00005fd2      0x603 .\CortexM3\ARM_GCC_493\Debug\ZumoBot.a(UART_1.o)
 .debug_info    0x000065d5      0x121 .\CortexM3\ARM_GCC_493\Debug\ZumoBot.a(IR_receiver.o)
 .debug_info    0x000066f6      0x121 .\CortexM3\ARM_GCC_493\Debug\ZumoBot.a(Trig.o)
 .debug_info    0x00006817      0x2ce .\CortexM3\ARM_GCC_493\Debug\ZumoBot.a(Timer.o)
 .debug_info    0x00006ae5      0x11f .\CortexM3\ARM_GCC_493\Debug\ZumoBot.a(Echo.o)
 .debug_info    0x00006c04      0x2cb .\CortexM3\ARM_GCC_493\Debug\ZumoBot.a(ultra_isr.o)
 .debug_info    0x00006ecf      0x283 .\CortexM3\ARM_GCC_493\Debug\ZumoBot.a(UART_1_IntClock.o)
 .debug_info    0x00007152      0x272 .\CortexM3\ARM_GCC_493\Debug\ZumoBot.a(Buzzer_PWM.o)
 .debug_info    0x000073c4      0x11f .\CortexM3\ARM_GCC_493\Debug\ZumoBot.a(L3.o)
 .debug_info    0x000074e3      0x28e .\CortexM3\ARM_GCC_493\Debug\ZumoBot.a(Timer_L3.o)
 .debug_info    0x00007771      0x28e .\CortexM3\ARM_GCC_493\Debug\ZumoBot.a(Timer_R3.o)
 .debug_info    0x000079ff      0x28e .\CortexM3\ARM_GCC_493\Debug\ZumoBot.a(Timer_R1.o)
 .debug_info    0x00007c8d      0x11f .\CortexM3\ARM_GCC_493\Debug\ZumoBot.a(R1.o)
 .debug_info    0x00007dac      0x11f .\CortexM3\ARM_GCC_493\Debug\ZumoBot.a(R3.o)
 .debug_info    0x00007ecb      0x28e .\CortexM3\ARM_GCC_493\Debug\ZumoBot.a(Timer_L1.o)
 .debug_info    0x00008159      0x11f .\CortexM3\ARM_GCC_493\Debug\ZumoBot.a(L1.o)
 .debug_info    0x00008278       0x8c .\CortexM3\ARM_GCC_493\Debug\ZumoBot.a(CyBootAsmGnu.o)
 .debug_info    0x00008304      0x608 .\CortexM3\ARM_GCC_493\Debug\ZumoBot.a(CyFlash.o)
 .debug_info    0x0000890c      0x4ea .\CortexM3\ARM_GCC_493\Debug\ZumoBot.a(CySpc.o)

.debug_abbrev   0x00000000     0x324d
 *(.debug_abbrev)
 .debug_abbrev  0x00000000      0x1c5 .\CortexM3\ARM_GCC_493\Debug\main.o
 .debug_abbrev  0x000001c5       0xb7 .\CortexM3\ARM_GCC_493\Debug\Accel.o
 .debug_abbrev  0x0000027c       0x95 .\CortexM3\ARM_GCC_493\Debug\Ambient.o
 .debug_abbrev  0x00000311       0xa5 .\CortexM3\ARM_GCC_493\Debug\Gyro.o
 .debug_abbrev  0x000003b6      0x171 .\CortexM3\ARM_GCC_493\Debug\I2C_made.o
 .debug_abbrev  0x00000527       0xdc .\CortexM3\ARM_GCC_493\Debug\IR.o
 .debug_abbrev  0x00000603       0xe3 .\CortexM3\ARM_GCC_493\Debug\Magnet.o
 .debug_abbrev  0x000006e6      0x108 .\CortexM3\ARM_GCC_493\Debug\Motor.o
 .debug_abbrev  0x000007ee      0x151 .\CortexM3\ARM_GCC_493\Debug\Nunchuk.o
 .debug_abbrev  0x0000093f      0x151 .\CortexM3\ARM_GCC_493\Debug\Reflectance.o
 .debug_abbrev  0x00000a90      0x28e .\CortexM3\ARM_GCC_493\Debug\Ultra.o
 .debug_abbrev  0x00000d1e       0xe3 .\CortexM3\ARM_GCC_493\Debug\Beep.o
 .debug_abbrev  0x00000e01       0x77 .\CortexM3\ARM_GCC_493\Debug\cymetadata.o
 .debug_abbrev  0x00000e78      0x1f7 .\CortexM3\ARM_GCC_493\Debug\Cm3Start.o
 .debug_abbrev  0x0000106f      0x212 .\CortexM3\ARM_GCC_493\Debug\ZumoBot.a(cyfitter_cfg.o)
 .debug_abbrev  0x00001281      0x14d .\CortexM3\ARM_GCC_493\Debug\ZumoBot.a(PWM.o)
 .debug_abbrev  0x000013ce      0x15c .\CortexM3\ARM_GCC_493\Debug\ZumoBot.a(I2C.o)
 .debug_abbrev  0x0000152a       0xbd .\CortexM3\ARM_GCC_493\Debug\ZumoBot.a(I2C_INT.o)
 .debug_abbrev  0x000015e7      0x12b .\CortexM3\ARM_GCC_493\Debug\ZumoBot.a(I2C_PM.o)
 .debug_abbrev  0x00001712      0x13c .\CortexM3\ARM_GCC_493\Debug\ZumoBot.a(I2C_MASTER.o)
 .debug_abbrev  0x0000184e      0x296 .\CortexM3\ARM_GCC_493\Debug\ZumoBot.a(CyLib.o)
 .debug_abbrev  0x00001ae4      0x1ed .\CortexM3\ARM_GCC_493\Debug\ZumoBot.a(cyPm.o)
 .debug_abbrev  0x00001cd1       0x90 .\CortexM3\ARM_GCC_493\Debug\ZumoBot.a(MotorDirLeft.o)
 .debug_abbrev  0x00001d61       0x90 .\CortexM3\ARM_GCC_493\Debug\ZumoBot.a(MotorDirRight.o)
 .debug_abbrev  0x00001df1      0x173 .\CortexM3\ARM_GCC_493\Debug\ZumoBot.a(sensor_isr.o)
 .debug_abbrev  0x00001f64      0x1a2 .\CortexM3\ARM_GCC_493\Debug\ZumoBot.a(UART_1.o)
 .debug_abbrev  0x00002106       0x90 .\CortexM3\ARM_GCC_493\Debug\ZumoBot.a(IR_receiver.o)
 .debug_abbrev  0x00002196       0x90 .\CortexM3\ARM_GCC_493\Debug\ZumoBot.a(Trig.o)
 .debug_abbrev  0x00002226      0x154 .\CortexM3\ARM_GCC_493\Debug\ZumoBot.a(Timer.o)
 .debug_abbrev  0x0000237a       0x90 .\CortexM3\ARM_GCC_493\Debug\ZumoBot.a(Echo.o)
 .debug_abbrev  0x0000240a      0x173 .\CortexM3\ARM_GCC_493\Debug\ZumoBot.a(ultra_isr.o)
 .debug_abbrev  0x0000257d      0x139 .\CortexM3\ARM_GCC_493\Debug\ZumoBot.a(UART_1_IntClock.o)
 .debug_abbrev  0x000026b6      0x12d .\CortexM3\ARM_GCC_493\Debug\ZumoBot.a(Buzzer_PWM.o)
 .debug_abbrev  0x000027e3       0x90 .\CortexM3\ARM_GCC_493\Debug\ZumoBot.a(L3.o)
 .debug_abbrev  0x00002873      0x11a .\CortexM3\ARM_GCC_493\Debug\ZumoBot.a(Timer_L3.o)
 .debug_abbrev  0x0000298d      0x11a .\CortexM3\ARM_GCC_493\Debug\ZumoBot.a(Timer_R3.o)
 .debug_abbrev  0x00002aa7      0x11a .\CortexM3\ARM_GCC_493\Debug\ZumoBot.a(Timer_R1.o)
 .debug_abbrev  0x00002bc1       0x90 .\CortexM3\ARM_GCC_493\Debug\ZumoBot.a(R1.o)
 .debug_abbrev  0x00002c51       0x90 .\CortexM3\ARM_GCC_493\Debug\ZumoBot.a(R3.o)
 .debug_abbrev  0x00002ce1      0x11a .\CortexM3\ARM_GCC_493\Debug\ZumoBot.a(Timer_L1.o)
 .debug_abbrev  0x00002dfb       0x90 .\CortexM3\ARM_GCC_493\Debug\ZumoBot.a(L1.o)
 .debug_abbrev  0x00002e8b       0x14 .\CortexM3\ARM_GCC_493\Debug\ZumoBot.a(CyBootAsmGnu.o)
 .debug_abbrev  0x00002e9f      0x1ed .\CortexM3\ARM_GCC_493\Debug\ZumoBot.a(CyFlash.o)
 .debug_abbrev  0x0000308c      0x1c1 .\CortexM3\ARM_GCC_493\Debug\ZumoBot.a(CySpc.o)

.debug_line     0x00000000     0x4494
 *(.debug_line)
 .debug_line    0x00000000      0x27e .\CortexM3\ARM_GCC_493\Debug\main.o
 .debug_line    0x0000027e      0x179 .\CortexM3\ARM_GCC_493\Debug\Accel.o
 .debug_line    0x000003f7       0xe3 .\CortexM3\ARM_GCC_493\Debug\Ambient.o
 .debug_line    0x000004da      0x16f .\CortexM3\ARM_GCC_493\Debug\Gyro.o
 .debug_line    0x00000649      0x1c1 .\CortexM3\ARM_GCC_493\Debug\I2C_made.o
 .debug_line    0x0000080a      0x26f .\CortexM3\ARM_GCC_493\Debug\IR.o
 .debug_line    0x00000a79      0x185 .\CortexM3\ARM_GCC_493\Debug\Magnet.o
 .debug_line    0x00000bfe      0x1f2 .\CortexM3\ARM_GCC_493\Debug\Motor.o
 .debug_line    0x00000df0      0x1cd .\CortexM3\ARM_GCC_493\Debug\Nunchuk.o
 .debug_line    0x00000fbd      0x26f .\CortexM3\ARM_GCC_493\Debug\Reflectance.o
 .debug_line    0x0000122c      0x212 .\CortexM3\ARM_GCC_493\Debug\Ultra.o
 .debug_line    0x0000143e      0x18d .\CortexM3\ARM_GCC_493\Debug\Beep.o
 .debug_line    0x000015cb       0x51 .\CortexM3\ARM_GCC_493\Debug\cymetadata.o
 .debug_line    0x0000161c      0x24f .\CortexM3\ARM_GCC_493\Debug\Cm3Start.o
 .debug_line    0x0000186b      0x213 .\CortexM3\ARM_GCC_493\Debug\ZumoBot.a(cyfitter_cfg.o)
 .debug_line    0x00001a7e      0x1a7 .\CortexM3\ARM_GCC_493\Debug\ZumoBot.a(PWM.o)
 .debug_line    0x00001c25       0xd9 .\CortexM3\ARM_GCC_493\Debug\ZumoBot.a(I2C.o)
 .debug_line    0x00001cfe      0x114 .\CortexM3\ARM_GCC_493\Debug\ZumoBot.a(I2C_INT.o)
 .debug_line    0x00001e12       0xbb .\CortexM3\ARM_GCC_493\Debug\ZumoBot.a(I2C_PM.o)
 .debug_line    0x00001ecd      0x1fd .\CortexM3\ARM_GCC_493\Debug\ZumoBot.a(I2C_MASTER.o)
 .debug_line    0x000020ca      0x816 .\CortexM3\ARM_GCC_493\Debug\ZumoBot.a(CyLib.o)
 .debug_line    0x000028e0      0x364 .\CortexM3\ARM_GCC_493\Debug\ZumoBot.a(cyPm.o)
 .debug_line    0x00002c44       0x99 .\CortexM3\ARM_GCC_493\Debug\ZumoBot.a(MotorDirLeft.o)
 .debug_line    0x00002cdd       0x9a .\CortexM3\ARM_GCC_493\Debug\ZumoBot.a(MotorDirRight.o)
 .debug_line    0x00002d77      0x137 .\CortexM3\ARM_GCC_493\Debug\ZumoBot.a(sensor_isr.o)
 .debug_line    0x00002eae      0x2c0 .\CortexM3\ARM_GCC_493\Debug\ZumoBot.a(UART_1.o)
 .debug_line    0x0000316e       0x98 .\CortexM3\ARM_GCC_493\Debug\ZumoBot.a(IR_receiver.o)
 .debug_line    0x00003206       0x91 .\CortexM3\ARM_GCC_493\Debug\ZumoBot.a(Trig.o)
 .debug_line    0x00003297      0x159 .\CortexM3\ARM_GCC_493\Debug\ZumoBot.a(Timer.o)
 .debug_line    0x000033f0       0x91 .\CortexM3\ARM_GCC_493\Debug\ZumoBot.a(Echo.o)
 .debug_line    0x00003481      0x136 .\CortexM3\ARM_GCC_493\Debug\ZumoBot.a(ultra_isr.o)
 .debug_line    0x000035b7      0x17e .\CortexM3\ARM_GCC_493\Debug\ZumoBot.a(UART_1_IntClock.o)
 .debug_line    0x00003735      0x13f .\CortexM3\ARM_GCC_493\Debug\ZumoBot.a(Buzzer_PWM.o)
 .debug_line    0x00003874       0x8f .\CortexM3\ARM_GCC_493\Debug\ZumoBot.a(L3.o)
 .debug_line    0x00003903      0x156 .\CortexM3\ARM_GCC_493\Debug\ZumoBot.a(Timer_L3.o)
 .debug_line    0x00003a59      0x156 .\CortexM3\ARM_GCC_493\Debug\ZumoBot.a(Timer_R3.o)
 .debug_line    0x00003baf      0x156 .\CortexM3\ARM_GCC_493\Debug\ZumoBot.a(Timer_R1.o)
 .debug_line    0x00003d05       0x8f .\CortexM3\ARM_GCC_493\Debug\ZumoBot.a(R1.o)
 .debug_line    0x00003d94       0x8f .\CortexM3\ARM_GCC_493\Debug\ZumoBot.a(R3.o)
 .debug_line    0x00003e23      0x156 .\CortexM3\ARM_GCC_493\Debug\ZumoBot.a(Timer_L1.o)
 .debug_line    0x00003f79       0x8f .\CortexM3\ARM_GCC_493\Debug\ZumoBot.a(L1.o)
 .debug_line    0x00004008       0x66 .\CortexM3\ARM_GCC_493\Debug\ZumoBot.a(CyBootAsmGnu.o)
 .debug_line    0x0000406e      0x1ea .\CortexM3\ARM_GCC_493\Debug\ZumoBot.a(CyFlash.o)
 .debug_line    0x00004258      0x23c .\CortexM3\ARM_GCC_493\Debug\ZumoBot.a(CySpc.o)

.debug_frame    0x00000000     0x3c9c
 *(.debug_frame)
 .debug_frame   0x00000000       0xbc .\CortexM3\ARM_GCC_493\Debug\main.o
 .debug_frame   0x000000bc       0x38 .\CortexM3\ARM_GCC_493\Debug\Accel.o
 .debug_frame   0x000000f4       0x3c .\CortexM3\ARM_GCC_493\Debug\Ambient.o
 .debug_frame   0x00000130       0x2c .\CortexM3\ARM_GCC_493\Debug\Gyro.o
 .debug_frame   0x0000015c       0x64 .\CortexM3\ARM_GCC_493\Debug\I2C_made.o
 .debug_frame   0x000001c0       0xa4 .\CortexM3\ARM_GCC_493\Debug\IR.o
 .debug_frame   0x00000264       0x2c .\CortexM3\ARM_GCC_493\Debug\Magnet.o
 .debug_frame   0x00000290       0xa8 .\CortexM3\ARM_GCC_493\Debug\Motor.o
 .debug_frame   0x00000338       0x70 .\CortexM3\ARM_GCC_493\Debug\Nunchuk.o
 .debug_frame   0x000003a8       0x90 .\CortexM3\ARM_GCC_493\Debug\Reflectance.o
 .debug_frame   0x00000438       0x74 .\CortexM3\ARM_GCC_493\Debug\Ultra.o
 .debug_frame   0x000004ac       0x30 .\CortexM3\ARM_GCC_493\Debug\Beep.o
 .debug_frame   0x000004dc       0xb8 .\CortexM3\ARM_GCC_493\Debug\Cm3Start.o
 .debug_frame   0x00000594       0xfc .\CortexM3\ARM_GCC_493\Debug\ZumoBot.a(cyfitter_cfg.o)
 .debug_frame   0x00000690      0x154 .\CortexM3\ARM_GCC_493\Debug\ZumoBot.a(PWM.o)
 .debug_frame   0x000007e4       0x94 .\CortexM3\ARM_GCC_493\Debug\ZumoBot.a(I2C.o)
 .debug_frame   0x00000878       0x30 .\CortexM3\ARM_GCC_493\Debug\ZumoBot.a(I2C_INT.o)
 .debug_frame   0x000008a8       0x74 .\CortexM3\ARM_GCC_493\Debug\ZumoBot.a(I2C_PM.o)
 .debug_frame   0x0000091c      0x138 .\CortexM3\ARM_GCC_493\Debug\ZumoBot.a(I2C_MASTER.o)
 .debug_frame   0x00000a54      0x738 .\CortexM3\ARM_GCC_493\Debug\ZumoBot.a(CyLib.o)
 .debug_frame   0x0000118c      0x1f8 .\CortexM3\ARM_GCC_493\Debug\ZumoBot.a(cyPm.o)
 .debug_frame   0x00001384       0x50 .\CortexM3\ARM_GCC_493\Debug\ZumoBot.a(MotorDirLeft.o)
 .debug_frame   0x000013d4       0x50 .\CortexM3\ARM_GCC_493\Debug\ZumoBot.a(MotorDirRight.o)
 .debug_frame   0x00001424      0x104 .\CortexM3\ARM_GCC_493\Debug\ZumoBot.a(sensor_isr.o)
 .debug_frame   0x00001528      0x250 .\CortexM3\ARM_GCC_493\Debug\ZumoBot.a(UART_1.o)
 .debug_frame   0x00001778       0x50 .\CortexM3\ARM_GCC_493\Debug\ZumoBot.a(IR_receiver.o)
 .debug_frame   0x000017c8       0x50 .\CortexM3\ARM_GCC_493\Debug\ZumoBot.a(Trig.o)
 .debug_frame   0x00001818      0x114 .\CortexM3\ARM_GCC_493\Debug\ZumoBot.a(Timer.o)
 .debug_frame   0x0000192c       0x50 .\CortexM3\ARM_GCC_493\Debug\ZumoBot.a(Echo.o)
 .debug_frame   0x0000197c      0x104 .\CortexM3\ARM_GCC_493\Debug\ZumoBot.a(ultra_isr.o)
 .debug_frame   0x00001a80       0xe0 .\CortexM3\ARM_GCC_493\Debug\ZumoBot.a(UART_1_IntClock.o)
 .debug_frame   0x00001b60       0xf8 .\CortexM3\ARM_GCC_493\Debug\ZumoBot.a(Buzzer_PWM.o)
 .debug_frame   0x00001c58       0x50 .\CortexM3\ARM_GCC_493\Debug\ZumoBot.a(L3.o)
 .debug_frame   0x00001ca8      0x108 .\CortexM3\ARM_GCC_493\Debug\ZumoBot.a(Timer_L3.o)
 .debug_frame   0x00001db0      0x108 .\CortexM3\ARM_GCC_493\Debug\ZumoBot.a(Timer_R3.o)
 .debug_frame   0x00001eb8      0x108 .\CortexM3\ARM_GCC_493\Debug\ZumoBot.a(Timer_R1.o)
 .debug_frame   0x00001fc0       0x50 .\CortexM3\ARM_GCC_493\Debug\ZumoBot.a(R1.o)
 .debug_frame   0x00002010       0x50 .\CortexM3\ARM_GCC_493\Debug\ZumoBot.a(R3.o)
 .debug_frame   0x00002060      0x108 .\CortexM3\ARM_GCC_493\Debug\ZumoBot.a(Timer_L1.o)
 .debug_frame   0x00002168       0x50 .\CortexM3\ARM_GCC_493\Debug\ZumoBot.a(L1.o)
 .debug_frame   0x000021b8      0x174 .\CortexM3\ARM_GCC_493\Debug\ZumoBot.a(CyFlash.o)
 .debug_frame   0x0000232c      0x160 .\CortexM3\ARM_GCC_493\Debug\ZumoBot.a(CySpc.o)
 .debug_frame   0x0000248c       0x20 c:/program files (x86)/cypress/psoc creator/4.0/psoc creator/import/gnu/arm/4.9.3/bin/../lib/gcc/arm-none-eabi/4.9.3/../../../../arm-none-eabi/lib/armv7-m\libm.a(lib_a-w_atan2.o)
 .debug_frame   0x000024ac       0x44 c:/program files (x86)/cypress/psoc creator/4.0/psoc creator/import/gnu/arm/4.9.3/bin/../lib/gcc/arm-none-eabi/4.9.3/../../../../arm-none-eabi/lib/armv7-m\libm.a(lib_a-w_pow.o)
 .debug_frame   0x000024f0       0x48 c:/program files (x86)/cypress/psoc creator/4.0/psoc creator/import/gnu/arm/4.9.3/bin/../lib/gcc/arm-none-eabi/4.9.3/../../../../arm-none-eabi/lib/armv7-m\libm.a(lib_a-e_atan2.o)
 .debug_frame   0x00002538       0x64 c:/program files (x86)/cypress/psoc creator/4.0/psoc creator/import/gnu/arm/4.9.3/bin/../lib/gcc/arm-none-eabi/4.9.3/../../../../arm-none-eabi/lib/armv7-m\libm.a(lib_a-e_pow.o)
 .debug_frame   0x0000259c       0x30 c:/program files (x86)/cypress/psoc creator/4.0/psoc creator/import/gnu/arm/4.9.3/bin/../lib/gcc/arm-none-eabi/4.9.3/../../../../arm-none-eabi/lib/armv7-m\libm.a(lib_a-e_sqrt.o)
 .debug_frame   0x000025cc       0x38 c:/program files (x86)/cypress/psoc creator/4.0/psoc creator/import/gnu/arm/4.9.3/bin/../lib/gcc/arm-none-eabi/4.9.3/../../../../arm-none-eabi/lib/armv7-m\libm.a(lib_a-s_atan.o)
 .debug_frame   0x00002604       0x20 c:/program files (x86)/cypress/psoc creator/4.0/psoc creator/import/gnu/arm/4.9.3/bin/../lib/gcc/arm-none-eabi/4.9.3/../../../../arm-none-eabi/lib/armv7-m\libm.a(lib_a-s_fabs.o)
 .debug_frame   0x00002624       0x20 c:/program files (x86)/cypress/psoc creator/4.0/psoc creator/import/gnu/arm/4.9.3/bin/../lib/gcc/arm-none-eabi/4.9.3/../../../../arm-none-eabi/lib/armv7-m\libm.a(lib_a-s_finite.o)
 .debug_frame   0x00002644       0x34 c:/program files (x86)/cypress/psoc creator/4.0/psoc creator/import/gnu/arm/4.9.3/bin/../lib/gcc/arm-none-eabi/4.9.3/../../../../arm-none-eabi/lib/armv7-m\libm.a(lib_a-s_fpclassify.o)
 .debug_frame   0x00002678       0x20 c:/program files (x86)/cypress/psoc creator/4.0/psoc creator/import/gnu/arm/4.9.3/bin/../lib/gcc/arm-none-eabi/4.9.3/../../../../arm-none-eabi/lib/armv7-m\libm.a(lib_a-s_matherr.o)
 .debug_frame   0x00002698       0x20 c:/program files (x86)/cypress/psoc creator/4.0/psoc creator/import/gnu/arm/4.9.3/bin/../lib/gcc/arm-none-eabi/4.9.3/../../../../arm-none-eabi/lib/armv7-m\libm.a(lib_a-s_nan.o)
 .debug_frame   0x000026b8       0x3c c:/program files (x86)/cypress/psoc creator/4.0/psoc creator/import/gnu/arm/4.9.3/bin/../lib/gcc/arm-none-eabi/4.9.3/../../../../arm-none-eabi/lib/armv7-m\libm.a(lib_a-s_rint.o)
 .debug_frame   0x000026f4       0x30 c:/program files (x86)/cypress/psoc creator/4.0/psoc creator/import/gnu/arm/4.9.3/bin/../lib/gcc/arm-none-eabi/4.9.3/../../../../arm-none-eabi/lib/armv7-m\libm.a(lib_a-s_scalbn.o)
 .debug_frame   0x00002724       0x20 c:/program files (x86)/cypress/psoc creator/4.0/psoc creator/import/gnu/arm/4.9.3/bin/../lib/gcc/arm-none-eabi/4.9.3/../../../../arm-none-eabi/lib/armv7-m\libm.a(lib_a-s_copysign.o)
 .debug_frame   0x00002744       0x20 c:/program files (x86)/cypress/psoc creator/4.0/psoc creator/import/gnu/arm/4.9.3/bin/../lib/gcc/arm-none-eabi/4.9.3/../../../../arm-none-eabi/lib/armv7-m\libg.a(lib_a-errno.o)
 .debug_frame   0x00002764       0x28 c:/program files (x86)/cypress/psoc creator/4.0/psoc creator/import/gnu/arm/4.9.3/bin/../lib/gcc/arm-none-eabi/4.9.3/../../../../arm-none-eabi/lib/armv7-m\libg.a(lib_a-exit.o)
 .debug_frame   0x0000278c       0x2c c:/program files (x86)/cypress/psoc creator/4.0/psoc creator/import/gnu/arm/4.9.3/bin/../lib/gcc/arm-none-eabi/4.9.3/../../../../arm-none-eabi/lib/armv7-m\libg.a(lib_a-init.o)
 .debug_frame   0x000027b8       0x34 c:/program files (x86)/cypress/psoc creator/4.0/psoc creator/import/gnu/arm/4.9.3/bin/../lib/gcc/arm-none-eabi/4.9.3/../../../../arm-none-eabi/lib/armv7-m\libg.a(lib_a-memset.o)
 .debug_frame   0x000027ec       0x44 c:/program files (x86)/cypress/psoc creator/4.0/psoc creator/import/gnu/arm/4.9.3/bin/../lib/gcc/arm-none-eabi/4.9.3/../../../../arm-none-eabi/lib/armv7-m\libg.a(lib_a-puts.o)
 .debug_frame   0x00002830       0x78 c:/program files (x86)/cypress/psoc creator/4.0/psoc creator/import/gnu/arm/4.9.3/bin/../lib/gcc/arm-none-eabi/4.9.3/../../../../arm-none-eabi/lib/armv7-m\libg.a(lib_a-scanf.o)
 .debug_frame   0x000028a8       0x20 c:/program files (x86)/cypress/psoc creator/4.0/psoc creator/import/gnu/arm/4.9.3/bin/../lib/gcc/arm-none-eabi/4.9.3/../../../../arm-none-eabi/lib/armv7-m\libg.a(lib_a-strlen.o)
 .debug_frame   0x000028c8       0xbc c:/program files (x86)/cypress/psoc creator/4.0/psoc creator/import/gnu/arm/4.9.3/bin/../lib/gcc/arm-none-eabi/4.9.3/../../../../arm-none-eabi/lib/armv7-m\libg.a(lib_a-vfscanf.o)
 .debug_frame   0x00002984       0x50 c:/program files (x86)/cypress/psoc creator/4.0/psoc creator/import/gnu/arm/4.9.3/bin/../lib/gcc/arm-none-eabi/4.9.3/../../../../arm-none-eabi/lib/armv7-m\libg.a(lib_a-__call_atexit.o)
 .debug_frame   0x000029d4       0x20 c:/program files (x86)/cypress/psoc creator/4.0/psoc creator/import/gnu/arm/4.9.3/bin/../lib/gcc/arm-none-eabi/4.9.3/../../../../arm-none-eabi/lib/armv7-m\libg.a(lib_a-atexit.o)
 .debug_frame   0x000029f4      0x124 c:/program files (x86)/cypress/psoc creator/4.0/psoc creator/import/gnu/arm/4.9.3/bin/../lib/gcc/arm-none-eabi/4.9.3/../../../../arm-none-eabi/lib/armv7-m\libg.a(lib_a-findfp.o)
 .debug_frame   0x00002b18       0x34 c:/program files (x86)/cypress/psoc creator/4.0/psoc creator/import/gnu/arm/4.9.3/bin/../lib/gcc/arm-none-eabi/4.9.3/../../../../arm-none-eabi/lib/armv7-m\libg.a(lib_a-fini.o)
 .debug_frame   0x00002b4c       0x70 c:/program files (x86)/cypress/psoc creator/4.0/psoc creator/import/gnu/arm/4.9.3/bin/../lib/gcc/arm-none-eabi/4.9.3/../../../../arm-none-eabi/lib/armv7-m\libg.a(lib_a-fread.o)
 .debug_frame   0x00002bbc       0x74 c:/program files (x86)/cypress/psoc creator/4.0/psoc creator/import/gnu/arm/4.9.3/bin/../lib/gcc/arm-none-eabi/4.9.3/../../../../arm-none-eabi/lib/armv7-m\libg.a(lib_a-freer.o)
 .debug_frame   0x00002c30       0x68 c:/program files (x86)/cypress/psoc creator/4.0/psoc creator/import/gnu/arm/4.9.3/bin/../lib/gcc/arm-none-eabi/4.9.3/../../../../arm-none-eabi/lib/armv7-m\libg.a(lib_a-fvwrite.o)
 .debug_frame   0x00002c98       0x54 c:/program files (x86)/cypress/psoc creator/4.0/psoc creator/import/gnu/arm/4.9.3/bin/../lib/gcc/arm-none-eabi/4.9.3/../../../../arm-none-eabi/lib/armv7-m\libg.a(lib_a-fwalk.o)
 .debug_frame   0x00002cec       0x20 c:/program files (x86)/cypress/psoc creator/4.0/psoc creator/import/gnu/arm/4.9.3/bin/../lib/gcc/arm-none-eabi/4.9.3/../../../../arm-none-eabi/lib/armv7-m\libg.a(lib_a-iswspace.o)
 .debug_frame   0x00002d0c       0x9c c:/program files (x86)/cypress/psoc creator/4.0/psoc creator/import/gnu/arm/4.9.3/bin/../lib/gcc/arm-none-eabi/4.9.3/../../../../arm-none-eabi/lib/armv7-m\libg.a(lib_a-locale.o)
 .debug_frame   0x00002da8       0x54 c:/program files (x86)/cypress/psoc creator/4.0/psoc creator/import/gnu/arm/4.9.3/bin/../lib/gcc/arm-none-eabi/4.9.3/../../../../arm-none-eabi/lib/armv7-m\libg.a(lib_a-mallocr.o)
 .debug_frame   0x00002dfc       0x68 c:/program files (x86)/cypress/psoc creator/4.0/psoc creator/import/gnu/arm/4.9.3/bin/../lib/gcc/arm-none-eabi/4.9.3/../../../../arm-none-eabi/lib/armv7-m\libg.a(lib_a-mbrtowc.o)
 .debug_frame   0x00002e64       0x58 c:/program files (x86)/cypress/psoc creator/4.0/psoc creator/import/gnu/arm/4.9.3/bin/../lib/gcc/arm-none-eabi/4.9.3/../../../../arm-none-eabi/lib/armv7-m\libg.a(lib_a-mbtowc_r.o)
 .debug_frame   0x00002ebc       0x3c c:/program files (x86)/cypress/psoc creator/4.0/psoc creator/import/gnu/arm/4.9.3/bin/../lib/gcc/arm-none-eabi/4.9.3/../../../../arm-none-eabi/lib/armv7-m\libg.a(lib_a-memchr.o)
 .debug_frame   0x00002ef8       0x30 c:/program files (x86)/cypress/psoc creator/4.0/psoc creator/import/gnu/arm/4.9.3/bin/../lib/gcc/arm-none-eabi/4.9.3/../../../../arm-none-eabi/lib/armv7-m\libg.a(lib_a-memmove.o)
 .debug_frame   0x00002f28       0x30 c:/program files (x86)/cypress/psoc creator/4.0/psoc creator/import/gnu/arm/4.9.3/bin/../lib/gcc/arm-none-eabi/4.9.3/../../../../arm-none-eabi/lib/armv7-m\libg.a(lib_a-mlock.o)